Archive member included to satisfy reference by file (symbol)

c:/st/stm32cubeide_1.7.0/stm32cubeide/plugins/com.st.stm32cube.ide.mcu.externaltools.gnu-tools-for-stm32.9-2020-q2-update.win32_2.0.0.202105311346/tools/bin/../lib/gcc/arm-none-eabi/9.3.1/../../../../arm-none-eabi/lib/thumb/v7e-m+fp/hard\libc_nano.a(lib_a-errno.o)
                              ./Core/Src/syscalls.o (__errno)
c:/st/stm32cubeide_1.7.0/stm32cubeide/plugins/com.st.stm32cube.ide.mcu.externaltools.gnu-tools-for-stm32.9-2020-q2-update.win32_2.0.0.202105311346/tools/bin/../lib/gcc/arm-none-eabi/9.3.1/../../../../arm-none-eabi/lib/thumb/v7e-m+fp/hard\libc_nano.a(lib_a-exit.o)
                              c:/st/stm32cubeide_1.7.0/stm32cubeide/plugins/com.st.stm32cube.ide.mcu.externaltools.gnu-tools-for-stm32.9-2020-q2-update.win32_2.0.0.202105311346/tools/bin/../lib/gcc/arm-none-eabi/9.3.1/../../../../arm-none-eabi/lib/thumb/v7e-m+fp/hard/crt0.o (exit)
c:/st/stm32cubeide_1.7.0/stm32cubeide/plugins/com.st.stm32cube.ide.mcu.externaltools.gnu-tools-for-stm32.9-2020-q2-update.win32_2.0.0.202105311346/tools/bin/../lib/gcc/arm-none-eabi/9.3.1/../../../../arm-none-eabi/lib/thumb/v7e-m+fp/hard\libc_nano.a(lib_a-impure.o)
                              c:/st/stm32cubeide_1.7.0/stm32cubeide/plugins/com.st.stm32cube.ide.mcu.externaltools.gnu-tools-for-stm32.9-2020-q2-update.win32_2.0.0.202105311346/tools/bin/../lib/gcc/arm-none-eabi/9.3.1/../../../../arm-none-eabi/lib/thumb/v7e-m+fp/hard\libc_nano.a(lib_a-exit.o) (_global_impure_ptr)
c:/st/stm32cubeide_1.7.0/stm32cubeide/plugins/com.st.stm32cube.ide.mcu.externaltools.gnu-tools-for-stm32.9-2020-q2-update.win32_2.0.0.202105311346/tools/bin/../lib/gcc/arm-none-eabi/9.3.1/../../../../arm-none-eabi/lib/thumb/v7e-m+fp/hard\libc_nano.a(lib_a-init.o)
                              c:/st/stm32cubeide_1.7.0/stm32cubeide/plugins/com.st.stm32cube.ide.mcu.externaltools.gnu-tools-for-stm32.9-2020-q2-update.win32_2.0.0.202105311346/tools/bin/../lib/gcc/arm-none-eabi/9.3.1/../../../../arm-none-eabi/lib/thumb/v7e-m+fp/hard/crt0.o (__libc_init_array)
c:/st/stm32cubeide_1.7.0/stm32cubeide/plugins/com.st.stm32cube.ide.mcu.externaltools.gnu-tools-for-stm32.9-2020-q2-update.win32_2.0.0.202105311346/tools/bin/../lib/gcc/arm-none-eabi/9.3.1/../../../../arm-none-eabi/lib/thumb/v7e-m+fp/hard\libc_nano.a(lib_a-memset.o)
                              c:/st/stm32cubeide_1.7.0/stm32cubeide/plugins/com.st.stm32cube.ide.mcu.externaltools.gnu-tools-for-stm32.9-2020-q2-update.win32_2.0.0.202105311346/tools/bin/../lib/gcc/arm-none-eabi/9.3.1/../../../../arm-none-eabi/lib/thumb/v7e-m+fp/hard/crt0.o (memset)
c:/st/stm32cubeide_1.7.0/stm32cubeide/plugins/com.st.stm32cube.ide.mcu.externaltools.gnu-tools-for-stm32.9-2020-q2-update.win32_2.0.0.202105311346/tools/bin/../lib/gcc/arm-none-eabi/9.3.1/thumb/v7e-m+fp/hard\libgcc.a(_aeabi_uldivmod.o)
                              ./Drivers/STM32F4xx_HAL_Driver/Src/stm32f4xx_hal_rcc.o (__aeabi_uldivmod)
c:/st/stm32cubeide_1.7.0/stm32cubeide/plugins/com.st.stm32cube.ide.mcu.externaltools.gnu-tools-for-stm32.9-2020-q2-update.win32_2.0.0.202105311346/tools/bin/../lib/gcc/arm-none-eabi/9.3.1/thumb/v7e-m+fp/hard\libgcc.a(_udivmoddi4.o)
                              c:/st/stm32cubeide_1.7.0/stm32cubeide/plugins/com.st.stm32cube.ide.mcu.externaltools.gnu-tools-for-stm32.9-2020-q2-update.win32_2.0.0.202105311346/tools/bin/../lib/gcc/arm-none-eabi/9.3.1/thumb/v7e-m+fp/hard\libgcc.a(_aeabi_uldivmod.o) (__udivmoddi4)
c:/st/stm32cubeide_1.7.0/stm32cubeide/plugins/com.st.stm32cube.ide.mcu.externaltools.gnu-tools-for-stm32.9-2020-q2-update.win32_2.0.0.202105311346/tools/bin/../lib/gcc/arm-none-eabi/9.3.1/thumb/v7e-m+fp/hard\libgcc.a(_dvmd_tls.o)
                              c:/st/stm32cubeide_1.7.0/stm32cubeide/plugins/com.st.stm32cube.ide.mcu.externaltools.gnu-tools-for-stm32.9-2020-q2-update.win32_2.0.0.202105311346/tools/bin/../lib/gcc/arm-none-eabi/9.3.1/thumb/v7e-m+fp/hard\libgcc.a(_aeabi_uldivmod.o) (__aeabi_ldiv0)

Allocating common symbols
Common symbol       size              file

hUsbDeviceFS        0x2d0             ./USB_DEVICE/App/usb_device.o
hspi2               0x58              ./Core/Src/main.o
hpcd_USB_OTG_FS     0x408             ./USB_DEVICE/Target/usbd_conf.o
buff                0x14              ./Core/Src/main.o
uwTick              0x4               ./Drivers/STM32F4xx_HAL_Driver/Src/stm32f4xx_hal.o
pFlash              0x20              ./Drivers/STM32F4xx_HAL_Driver/Src/stm32f4xx_hal_flash.o
hspi3               0x58              ./Core/Src/main.o
buff2               0x14              ./Core/Src/main.o
huart2              0x44              ./Core/Src/main.o
USBD_StrDesc        0x200             ./USB_DEVICE/App/usbd_desc.o

Discarded input sections

[...]
Memory Configuration

Name             Origin             Length             Attributes
RAM              0x0000000020000000 0x0000000000020000 xrw
FLASH            0x0000000008000000 0x0000000000080000 xr
*default*        0x0000000000000000 0xffffffffffffffff

Linker script and memory map

LOAD c:/st/stm32cubeide_1.7.0/stm32cubeide/plugins/com.st.stm32cube.ide.mcu.externaltools.gnu-tools-for-stm32.9-2020-q2-update.win32_2.0.0.202105311346/tools/bin/../lib/gcc/arm-none-eabi/9.3.1/thumb/v7e-m+fp/hard/crti.o
LOAD c:/st/stm32cubeide_1.7.0/stm32cubeide/plugins/com.st.stm32cube.ide.mcu.externaltools.gnu-tools-for-stm32.9-2020-q2-update.win32_2.0.0.202105311346/tools/bin/../lib/gcc/arm-none-eabi/9.3.1/thumb/v7e-m+fp/hard/crtbegin.o
LOAD c:/st/stm32cubeide_1.7.0/stm32cubeide/plugins/com.st.stm32cube.ide.mcu.externaltools.gnu-tools-for-stm32.9-2020-q2-update.win32_2.0.0.202105311346/tools/bin/../lib/gcc/arm-none-eabi/9.3.1/../../../../arm-none-eabi/lib/thumb/v7e-m+fp/hard/crt0.o
LOAD ./Core/Src/main.o
LOAD ./Core/Src/stm32f4xx_hal_msp.o
LOAD ./Core/Src/stm32f4xx_it.o
LOAD ./Core/Src/syscalls.o
LOAD ./Core/Src/sysmem.o
LOAD ./Core/Src/system_stm32f4xx.o
LOAD ./Core/Startup/startup_stm32f411retx.o
LOAD ./Drivers/STM32F4xx_HAL_Driver/Src/stm32f4xx_hal.o
LOAD ./Drivers/STM32F4xx_HAL_Driver/Src/stm32f4xx_hal_cortex.o
LOAD ./Drivers/STM32F4xx_HAL_Driver/Src/stm32f4xx_hal_dma.o
LOAD ./Drivers/STM32F4xx_HAL_Driver/Src/stm32f4xx_hal_dma_ex.o
LOAD ./Drivers/STM32F4xx_HAL_Driver/Src/stm32f4xx_hal_exti.o
LOAD ./Drivers/STM32F4xx_HAL_Driver/Src/stm32f4xx_hal_flash.o
LOAD ./Drivers/STM32F4xx_HAL_Driver/Src/stm32f4xx_hal_flash_ex.o
LOAD ./Drivers/STM32F4xx_HAL_Driver/Src/stm32f4xx_hal_flash_ramfunc.o
LOAD ./Drivers/STM32F4xx_HAL_Driver/Src/stm32f4xx_hal_gpio.o
LOAD ./Drivers/STM32F4xx_HAL_Driver/Src/stm32f4xx_hal_pcd.o
LOAD ./Drivers/STM32F4xx_HAL_Driver/Src/stm32f4xx_hal_pcd_ex.o
LOAD ./Drivers/STM32F4xx_HAL_Driver/Src/stm32f4xx_hal_pwr.o
LOAD ./Drivers/STM32F4xx_HAL_Driver/Src/stm32f4xx_hal_pwr_ex.o
LOAD ./Drivers/STM32F4xx_HAL_Driver/Src/stm32f4xx_hal_rcc.o
LOAD ./Drivers/STM32F4xx_HAL_Driver/Src/stm32f4xx_hal_rcc_ex.o
LOAD ./Drivers/STM32F4xx_HAL_Driver/Src/stm32f4xx_hal_spi.o
LOAD ./Drivers/STM32F4xx_HAL_Driver/Src/stm32f4xx_hal_tim.o
LOAD ./Drivers/STM32F4xx_HAL_Driver/Src/stm32f4xx_hal_tim_ex.o
LOAD ./Drivers/STM32F4xx_HAL_Driver/Src/stm32f4xx_hal_uart.o
LOAD ./Drivers/STM32F4xx_HAL_Driver/Src/stm32f4xx_ll_usb.o
LOAD ./Middlewares/ST/STM32_USB_Device_Library/Class/HID/Src/usbd_hid.o
LOAD ./Middlewares/ST/STM32_USB_Device_Library/Core/Src/usbd_core.o
LOAD ./Middlewares/ST/STM32_USB_Device_Library/Core/Src/usbd_ctlreq.o
LOAD ./Middlewares/ST/STM32_USB_Device_Library/Core/Src/usbd_ioreq.o
LOAD ./USB_DEVICE/App/usb_device.o
LOAD ./USB_DEVICE/App/usbd_desc.o
LOAD ./USB_DEVICE/Target/usbd_conf.o
START GROUP
LOAD c:/st/stm32cubeide_1.7.0/stm32cubeide/plugins/com.st.stm32cube.ide.mcu.externaltools.gnu-tools-for-stm32.9-2020-q2-update.win32_2.0.0.202105311346/tools/bin/../lib/gcc/arm-none-eabi/9.3.1/../../../../arm-none-eabi/lib/thumb/v7e-m+fp/hard\libc_nano.a
LOAD c:/st/stm32cubeide_1.7.0/stm32cubeide/plugins/com.st.stm32cube.ide.mcu.externaltools.gnu-tools-for-stm32.9-2020-q2-update.win32_2.0.0.202105311346/tools/bin/../lib/gcc/arm-none-eabi/9.3.1/../../../../arm-none-eabi/lib/thumb/v7e-m+fp/hard\libm.a
END GROUP
START GROUP
LOAD c:/st/stm32cubeide_1.7.0/stm32cubeide/plugins/com.st.stm32cube.ide.mcu.externaltools.gnu-tools-for-stm32.9-2020-q2-update.win32_2.0.0.202105311346/tools/bin/../lib/gcc/arm-none-eabi/9.3.1/thumb/v7e-m+fp/hard\libgcc.a
LOAD c:/st/stm32cubeide_1.7.0/stm32cubeide/plugins/com.st.stm32cube.ide.mcu.externaltools.gnu-tools-for-stm32.9-2020-q2-update.win32_2.0.0.202105311346/tools/bin/../lib/gcc/arm-none-eabi/9.3.1/../../../../arm-none-eabi/lib/thumb/v7e-m+fp/hard\libc_nano.a
END GROUP
START GROUP
LOAD c:/st/stm32cubeide_1.7.0/stm32cubeide/plugins/com.st.stm32cube.ide.mcu.externaltools.gnu-tools-for-stm32.9-2020-q2-update.win32_2.0.0.202105311346/tools/bin/../lib/gcc/arm-none-eabi/9.3.1/thumb/v7e-m+fp/hard\libgcc.a
LOAD c:/st/stm32cubeide_1.7.0/stm32cubeide/plugins/com.st.stm32cube.ide.mcu.externaltools.gnu-tools-for-stm32.9-2020-q2-update.win32_2.0.0.202105311346/tools/bin/../lib/gcc/arm-none-eabi/9.3.1/../../../../arm-none-eabi/lib/thumb/v7e-m+fp/hard\libc_nano.a
LOAD c:/st/stm32cubeide_1.7.0/stm32cubeide/plugins/com.st.stm32cube.ide.mcu.externaltools.gnu-tools-for-stm32.9-2020-q2-update.win32_2.0.0.202105311346/tools/bin/../lib/gcc/arm-none-eabi/9.3.1/../../../../arm-none-eabi/lib/thumb/v7e-m+fp/hard\libnosys.a
END GROUP
START GROUP
LOAD c:/st/stm32cubeide_1.7.0/stm32cubeide/plugins/com.st.stm32cube.ide.mcu.externaltools.gnu-tools-for-stm32.9-2020-q2-update.win32_2.0.0.202105311346/tools/bin/../lib/gcc/arm-none-eabi/9.3.1/thumb/v7e-m+fp/hard\libgcc.a
LOAD c:/st/stm32cubeide_1.7.0/stm32cubeide/plugins/com.st.stm32cube.ide.mcu.externaltools.gnu-tools-for-stm32.9-2020-q2-update.win32_2.0.0.202105311346/tools/bin/../lib/gcc/arm-none-eabi/9.3.1/../../../../arm-none-eabi/lib/thumb/v7e-m+fp/hard\libc_nano.a
LOAD c:/st/stm32cubeide_1.7.0/stm32cubeide/plugins/com.st.stm32cube.ide.mcu.externaltools.gnu-tools-for-stm32.9-2020-q2-update.win32_2.0.0.202105311346/tools/bin/../lib/gcc/arm-none-eabi/9.3.1/../../../../arm-none-eabi/lib/thumb/v7e-m+fp/hard\libnosys.a
END GROUP
LOAD c:/st/stm32cubeide_1.7.0/stm32cubeide/plugins/com.st.stm32cube.ide.mcu.externaltools.gnu-tools-for-stm32.9-2020-q2-update.win32_2.0.0.202105311346/tools/bin/../lib/gcc/arm-none-eabi/9.3.1/thumb/v7e-m+fp/hard/crtend.o
LOAD c:/st/stm32cubeide_1.7.0/stm32cubeide/plugins/com.st.stm32cube.ide.mcu.externaltools.gnu-tools-for-stm32.9-2020-q2-update.win32_2.0.0.202105311346/tools/bin/../lib/gcc/arm-none-eabi/9.3.1/thumb/v7e-m+fp/hard/crtn.o
                0x0000000020020000                _estack = (ORIGIN (RAM) + LENGTH (RAM))
                0x0000000000001000                _Min_Heap_Size = 0x1000
                0x0000000000000400                _Min_Stack_Size = 0x400

.isr_vector     0x0000000008000000      0x198
                0x0000000008000000                . = ALIGN (0x4)
 *(.isr_vector)
 .isr_vector    0x0000000008000000      0x198 ./Core/Startup/startup_stm32f411retx.o
                0x0000000008000000                g_pfnVectors
                0x0000000008000198                . = ALIGN (0x4)

.text           0x0000000008000198     0x71b4
                0x0000000008000198                . = ALIGN (0x4)
 *(.text)
 .text          0x0000000008000198       0x40 c:/st/stm32cubeide_1.7.0/stm32cubeide/plugins/com.st.stm32cube.ide.mcu.externaltools.gnu-tools-for-stm32.9-2020-q2-update.win32_2.0.0.202105311346/tools/bin/../lib/gcc/arm-none-eabi/9.3.1/thumb/v7e-m+fp/hard/crtbegin.o
 .text          0x00000000080001d8       0x30 c:/st/stm32cubeide_1.7.0/stm32cubeide/plugins/com.st.stm32cube.ide.mcu.externaltools.gnu-tools-for-stm32.9-2020-q2-update.win32_2.0.0.202105311346/tools/bin/../lib/gcc/arm-none-eabi/9.3.1/thumb/v7e-m+fp/hard\libgcc.a(_aeabi_uldivmod.o)
                0x00000000080001d8                __aeabi_uldivmod
 .text          0x0000000008000208      0x2c4 c:/st/stm32cubeide_1.7.0/stm32cubeide/plugins/com.st.stm32cube.ide.mcu.externaltools.gnu-tools-for-stm32.9-2020-q2-update.win32_2.0.0.202105311346/tools/bin/../lib/gcc/arm-none-eabi/9.3.1/thumb/v7e-m+fp/hard\libgcc.a(_udivmoddi4.o)
                0x0000000008000208                __udivmoddi4
 .text          0x00000000080004cc        0x4 c:/st/stm32cubeide_1.7.0/stm32cubeide/plugins/com.st.stm32cube.ide.mcu.externaltools.gnu-tools-for-stm32.9-2020-q2-update.win32_2.0.0.202105311346/tools/bin/../lib/gcc/arm-none-eabi/9.3.1/thumb/v7e-m+fp/hard\libgcc.a(_dvmd_tls.o)
                0x00000000080004cc                __aeabi_idiv0
                0x00000000080004cc                __aeabi_ldiv0
 *(.text*)
 .text.main     0x00000000080004d0      0x234 ./Core/Src/main.o
                0x00000000080004d0                main
 .text.SystemClock_Config
                0x0000000008000704       0xd0 ./Core/Src/main.o
                0x0000000008000704                SystemClock_Config
 .text.MX_SPI2_Init
                0x00000000080007d4       0x68 ./Core/Src/main.o
 .text.MX_SPI3_Init
                0x000000000800083c       0x68 ./Core/Src/main.o
 .text.MX_USART2_UART_Init
                0x00000000080008a4       0x54 ./Core/Src/main.o
 .text.MX_GPIO_Init
                0x00000000080008f8      0x114 ./Core/Src/main.o
 .text.sendKeystroke
                0x0000000008000a0c       0x48 ./Core/Src/main.o
                0x0000000008000a0c                sendKeystroke
 .text.Error_Handler
                0x0000000008000a54        0xa ./Core/Src/main.o
                0x0000000008000a54                Error_Handler
 *fill*         0x0000000008000a5e        0x2 
 .text.HAL_MspInit
                0x0000000008000a60       0x50 ./Core/Src/stm32f4xx_hal_msp.o
                0x0000000008000a60                HAL_MspInit
 .text.HAL_SPI_MspInit
                0x0000000008000ab0      0x178 ./Core/Src/stm32f4xx_hal_msp.o
                0x0000000008000ab0                HAL_SPI_MspInit
 .text.HAL_UART_MspInit
                0x0000000008000c28       0x90 ./Core/Src/stm32f4xx_hal_msp.o
                0x0000000008000c28                HAL_UART_MspInit
 .text.NMI_Handler
                0x0000000008000cb8        0x6 ./Core/Src/stm32f4xx_it.o
                0x0000000008000cb8                NMI_Handler
 .text.HardFault_Handler
                0x0000000008000cbe        0x6 ./Core/Src/stm32f4xx_it.o
                0x0000000008000cbe                HardFault_Handler
 .text.MemManage_Handler
                0x0000000008000cc4        0x6 ./Core/Src/stm32f4xx_it.o
                0x0000000008000cc4                MemManage_Handler
 .text.BusFault_Handler
                0x0000000008000cca        0x6 ./Core/Src/stm32f4xx_it.o
                0x0000000008000cca                BusFault_Handler
 .text.UsageFault_Handler
                0x0000000008000cd0        0x6 ./Core/Src/stm32f4xx_it.o
                0x0000000008000cd0                UsageFault_Handler
 .text.SVC_Handler
                0x0000000008000cd6        0xe ./Core/Src/stm32f4xx_it.o
                0x0000000008000cd6                SVC_Handler
 .text.DebugMon_Handler
                0x0000000008000ce4        0xe ./Core/Src/stm32f4xx_it.o
                0x0000000008000ce4                DebugMon_Handler
 .text.PendSV_Handler
                0x0000000008000cf2        0xe ./Core/Src/stm32f4xx_it.o
                0x0000000008000cf2                PendSV_Handler
 .text.SysTick_Handler
                0x0000000008000d00        0xc ./Core/Src/stm32f4xx_it.o
                0x0000000008000d00                SysTick_Handler
 .text.EXTI15_10_IRQHandler
                0x0000000008000d0c       0x1c ./Core/Src/stm32f4xx_it.o
                0x0000000008000d0c                EXTI15_10_IRQHandler
 .text.OTG_FS_IRQHandler
                0x0000000008000d28       0x14 ./Core/Src/stm32f4xx_it.o
                0x0000000008000d28                OTG_FS_IRQHandler
 .text.SystemInit
                0x0000000008000d3c       0x24 ./Core/Src/system_stm32f4xx.o
                0x0000000008000d3c                SystemInit
 .text.Reset_Handler
                0x0000000008000d60       0x50 ./Core/Startup/startup_stm32f411retx.o
                0x0000000008000d60                Reset_Handler
 .text.Default_Handler
                0x0000000008000db0        0x2 ./Core/Startup/startup_stm32f411retx.o
                0x0000000008000db0                RTC_Alarm_IRQHandler
                0x0000000008000db0                EXTI2_IRQHandler
                0x0000000008000db0                SPI4_IRQHandler
                0x0000000008000db0                TIM1_CC_IRQHandler
                0x0000000008000db0                DMA2_Stream5_IRQHandler
                0x0000000008000db0                DMA1_Stream5_IRQHandler
                0x0000000008000db0                PVD_IRQHandler
                0x0000000008000db0                SDIO_IRQHandler
                0x0000000008000db0                TAMP_STAMP_IRQHandler
                0x0000000008000db0                EXTI3_IRQHandler
                0x0000000008000db0                TIM1_UP_TIM10_IRQHandler
                0x0000000008000db0                I2C3_ER_IRQHandler
                0x0000000008000db0                EXTI0_IRQHandler
                0x0000000008000db0                I2C2_EV_IRQHandler
                0x0000000008000db0                DMA1_Stream2_IRQHandler
                0x0000000008000db0                FPU_IRQHandler
                0x0000000008000db0                DMA2_Stream2_IRQHandler
                0x0000000008000db0                SPI1_IRQHandler
                0x0000000008000db0                TIM1_BRK_TIM9_IRQHandler
                0x0000000008000db0                DMA2_Stream3_IRQHandler
                0x0000000008000db0                USART6_IRQHandler
                0x0000000008000db0                DMA2_Stream0_IRQHandler
                0x0000000008000db0                TIM4_IRQHandler
                0x0000000008000db0                I2C1_EV_IRQHandler
                0x0000000008000db0                DMA1_Stream6_IRQHandler
                0x0000000008000db0                DMA1_Stream1_IRQHandler
                0x0000000008000db0                TIM3_IRQHandler
                0x0000000008000db0                RCC_IRQHandler
                0x0000000008000db0                Default_Handler
                0x0000000008000db0                ADC_IRQHandler
                0x0000000008000db0                DMA1_Stream7_IRQHandler
                0x0000000008000db0                SPI5_IRQHandler
                0x0000000008000db0                TIM5_IRQHandler
                0x0000000008000db0                DMA2_Stream7_IRQHandler
                0x0000000008000db0                I2C3_EV_IRQHandler
                0x0000000008000db0                EXTI9_5_IRQHandler
                0x0000000008000db0                RTC_WKUP_IRQHandler
                0x0000000008000db0                SPI2_IRQHandler
                0x0000000008000db0                DMA1_Stream0_IRQHandler
                0x0000000008000db0                EXTI4_IRQHandler
                0x0000000008000db0                WWDG_IRQHandler
                0x0000000008000db0                TIM2_IRQHandler
                0x0000000008000db0                OTG_FS_WKUP_IRQHandler
                0x0000000008000db0                TIM1_TRG_COM_TIM11_IRQHandler
                0x0000000008000db0                EXTI1_IRQHandler
                0x0000000008000db0                USART2_IRQHandler
                0x0000000008000db0                I2C2_ER_IRQHandler
                0x0000000008000db0                DMA2_Stream1_IRQHandler
                0x0000000008000db0                FLASH_IRQHandler
                0x0000000008000db0                DMA2_Stream4_IRQHandler
                0x0000000008000db0                USART1_IRQHandler
                0x0000000008000db0                SPI3_IRQHandler
                0x0000000008000db0                DMA1_Stream4_IRQHandler
                0x0000000008000db0                I2C1_ER_IRQHandler
                0x0000000008000db0                DMA2_Stream6_IRQHandler
                0x0000000008000db0                DMA1_Stream3_IRQHandler
 *fill*         0x0000000008000db2        0x2 
 .text.HAL_Init
                0x0000000008000db4       0x44 ./Drivers/STM32F4xx_HAL_Driver/Src/stm32f4xx_hal.o
                0x0000000008000db4                HAL_Init
 .text.HAL_InitTick
                0x0000000008000df8       0x60 ./Drivers/STM32F4xx_HAL_Driver/Src/stm32f4xx_hal.o
                0x0000000008000df8                HAL_InitTick
 .text.HAL_IncTick
                0x0000000008000e58       0x28 ./Drivers/STM32F4xx_HAL_Driver/Src/stm32f4xx_hal.o
                0x0000000008000e58                HAL_IncTick
 .text.HAL_GetTick
                0x0000000008000e80       0x18 ./Drivers/STM32F4xx_HAL_Driver/Src/stm32f4xx_hal.o
                0x0000000008000e80                HAL_GetTick
 .text.HAL_Delay
                0x0000000008000e98       0x48 ./Drivers/STM32F4xx_HAL_Driver/Src/stm32f4xx_hal.o
                0x0000000008000e98                HAL_Delay
 .text.__NVIC_SetPriorityGrouping
                0x0000000008000ee0       0x48 ./Drivers/STM32F4xx_HAL_Driver/Src/stm32f4xx_hal_cortex.o
 .text.__NVIC_GetPriorityGrouping
                0x0000000008000f28       0x1c ./Drivers/STM32F4xx_HAL_Driver/Src/stm32f4xx_hal_cortex.o
 .text.__NVIC_EnableIRQ
                0x0000000008000f44       0x3c ./Drivers/STM32F4xx_HAL_Driver/Src/stm32f4xx_hal_cortex.o
 .text.__NVIC_SetPriority
                0x0000000008000f80       0x54 ./Drivers/STM32F4xx_HAL_Driver/Src/stm32f4xx_hal_cortex.o
 .text.NVIC_EncodePriority
                0x0000000008000fd4       0x66 ./Drivers/STM32F4xx_HAL_Driver/Src/stm32f4xx_hal_cortex.o
 *fill*         0x000000000800103a        0x2 
 .text.SysTick_Config
                0x000000000800103c       0x44 ./Drivers/STM32F4xx_HAL_Driver/Src/stm32f4xx_hal_cortex.o
 .text.HAL_NVIC_SetPriorityGrouping
                0x0000000008001080       0x16 ./Drivers/STM32F4xx_HAL_Driver/Src/stm32f4xx_hal_cortex.o
                0x0000000008001080                HAL_NVIC_SetPriorityGrouping
 .text.HAL_NVIC_SetPriority
                0x0000000008001096       0x38 ./Drivers/STM32F4xx_HAL_Driver/Src/stm32f4xx_hal_cortex.o
                0x0000000008001096                HAL_NVIC_SetPriority
 .text.HAL_NVIC_EnableIRQ
                0x00000000080010ce       0x1c ./Drivers/STM32F4xx_HAL_Driver/Src/stm32f4xx_hal_cortex.o
                0x00000000080010ce                HAL_NVIC_EnableIRQ
 .text.HAL_SYSTICK_Config
                0x00000000080010ea       0x18 ./Drivers/STM32F4xx_HAL_Driver/Src/stm32f4xx_hal_cortex.o
                0x00000000080010ea                HAL_SYSTICK_Config
 *fill*         0x0000000008001102        0x2 
 .text.HAL_GPIO_Init
                0x0000000008001104      0x308 ./Drivers/STM32F4xx_HAL_Driver/Src/stm32f4xx_hal_gpio.o
                0x0000000008001104                HAL_GPIO_Init
 .text.HAL_GPIO_WritePin
                0x000000000800140c       0x32 ./Drivers/STM32F4xx_HAL_Driver/Src/stm32f4xx_hal_gpio.o
                0x000000000800140c                HAL_GPIO_WritePin
 *fill*         0x000000000800143e        0x2 
 .text.HAL_GPIO_EXTI_IRQHandler
                0x0000000008001440       0x30 ./Drivers/STM32F4xx_HAL_Driver/Src/stm32f4xx_hal_gpio.o
                0x0000000008001440                HAL_GPIO_EXTI_IRQHandler
 .text.HAL_GPIO_EXTI_Callback
                0x0000000008001470       0x16 ./Drivers/STM32F4xx_HAL_Driver/Src/stm32f4xx_hal_gpio.o
                0x0000000008001470                HAL_GPIO_EXTI_Callback
 .text.HAL_PCD_Init
                0x0000000008001486      0x23a ./Drivers/STM32F4xx_HAL_Driver/Src/stm32f4xx_hal_pcd.o
                0x0000000008001486                HAL_PCD_Init
 .text.HAL_PCD_Start
                0x00000000080016c0       0x66 ./Drivers/STM32F4xx_HAL_Driver/Src/stm32f4xx_hal_pcd.o
                0x00000000080016c0                HAL_PCD_Start
 .text.HAL_PCD_IRQHandler
                0x0000000008001726      0x764 ./Drivers/STM32F4xx_HAL_Driver/Src/stm32f4xx_hal_pcd.o
                0x0000000008001726                HAL_PCD_IRQHandler
 .text.HAL_PCD_SetAddress
                0x0000000008001e8a       0x4a ./Drivers/STM32F4xx_HAL_Driver/Src/stm32f4xx_hal_pcd.o
                0x0000000008001e8a                HAL_PCD_SetAddress
 .text.HAL_PCD_EP_Open
                0x0000000008001ed4       0xd0 ./Drivers/STM32F4xx_HAL_Driver/Src/stm32f4xx_hal_pcd.o
                0x0000000008001ed4                HAL_PCD_EP_Open
 .text.HAL_PCD_EP_Close
                0x0000000008001fa4       0x94 ./Drivers/STM32F4xx_HAL_Driver/Src/stm32f4xx_hal_pcd.o
                0x0000000008001fa4                HAL_PCD_EP_Close
 .text.HAL_PCD_EP_Receive
                0x0000000008002038       0x96 ./Drivers/STM32F4xx_HAL_Driver/Src/stm32f4xx_hal_pcd.o
                0x0000000008002038                HAL_PCD_EP_Receive
 .text.HAL_PCD_EP_Transmit
                0x00000000080020ce       0x94 ./Drivers/STM32F4xx_HAL_Driver/Src/stm32f4xx_hal_pcd.o
                0x00000000080020ce                HAL_PCD_EP_Transmit
 .text.HAL_PCD_EP_SetStall
                0x0000000008002162       0xc8 ./Drivers/STM32F4xx_HAL_Driver/Src/stm32f4xx_hal_pcd.o
                0x0000000008002162                HAL_PCD_EP_SetStall
 .text.HAL_PCD_EP_ClrStall
                0x000000000800222a       0xac ./Drivers/STM32F4xx_HAL_Driver/Src/stm32f4xx_hal_pcd.o
                0x000000000800222a                HAL_PCD_EP_ClrStall
 .text.PCD_WriteEmptyTxFifo
                0x00000000080022d6      0x11a ./Drivers/STM32F4xx_HAL_Driver/Src/stm32f4xx_hal_pcd.o
 .text.PCD_EP_OutXfrComplete_int
                0x00000000080023f0      0x218 ./Drivers/STM32F4xx_HAL_Driver/Src/stm32f4xx_hal_pcd.o
 .text.PCD_EP_OutSetupPacket_int
                0x0000000008002608       0x8c ./Drivers/STM32F4xx_HAL_Driver/Src/stm32f4xx_hal_pcd.o
 .text.HAL_PCDEx_SetTxFiFo
                0x0000000008002694       0x8e ./Drivers/STM32F4xx_HAL_Driver/Src/stm32f4xx_hal_pcd_ex.o
                0x0000000008002694                HAL_PCDEx_SetTxFiFo
 .text.HAL_PCDEx_SetRxFiFo
                0x0000000008002722       0x22 ./Drivers/STM32F4xx_HAL_Driver/Src/stm32f4xx_hal_pcd_ex.o
                0x0000000008002722                HAL_PCDEx_SetRxFiFo
 .text.HAL_PCDEx_LPM_Callback
                0x0000000008002744       0x18 ./Drivers/STM32F4xx_HAL_Driver/Src/stm32f4xx_hal_pcd_ex.o
                0x0000000008002744                HAL_PCDEx_LPM_Callback
 .text.HAL_RCC_OscConfig
                0x000000000800275c      0x4f0 ./Drivers/STM32F4xx_HAL_Driver/Src/stm32f4xx_hal_rcc.o
                0x000000000800275c                HAL_RCC_OscConfig
 .text.HAL_RCC_ClockConfig
                0x0000000008002c4c      0x1cc ./Drivers/STM32F4xx_HAL_Driver/Src/stm32f4xx_hal_rcc.o
                0x0000000008002c4c                HAL_RCC_ClockConfig
 .text.HAL_RCC_GetSysClockFreq
                0x0000000008002e18      0x1c4 ./Drivers/STM32F4xx_HAL_Driver/Src/stm32f4xx_hal_rcc.o
                0x0000000008002e18                HAL_RCC_GetSysClockFreq
 .text.HAL_RCC_GetHCLKFreq
                0x0000000008002fdc       0x18 ./Drivers/STM32F4xx_HAL_Driver/Src/stm32f4xx_hal_rcc.o
                0x0000000008002fdc                HAL_RCC_GetHCLKFreq
 .text.HAL_RCC_GetPCLK1Freq
                0x0000000008002ff4       0x28 ./Drivers/STM32F4xx_HAL_Driver/Src/stm32f4xx_hal_rcc.o
                0x0000000008002ff4                HAL_RCC_GetPCLK1Freq
 .text.HAL_RCC_GetPCLK2Freq
                0x000000000800301c       0x28 ./Drivers/STM32F4xx_HAL_Driver/Src/stm32f4xx_hal_rcc.o
                0x000000000800301c                HAL_RCC_GetPCLK2Freq
 .text.HAL_SPI_Init
                0x0000000008003044      0x112 ./Drivers/STM32F4xx_HAL_Driver/Src/stm32f4xx_hal_spi.o
                0x0000000008003044                HAL_SPI_Init
 .text.HAL_SPI_Receive
                0x0000000008003156      0x222 ./Drivers/STM32F4xx_HAL_Driver/Src/stm32f4xx_hal_spi.o
                0x0000000008003156                HAL_SPI_Receive
 .text.HAL_SPI_TransmitReceive
                0x0000000008003378      0x344 ./Drivers/STM32F4xx_HAL_Driver/Src/stm32f4xx_hal_spi.o
                0x0000000008003378                HAL_SPI_TransmitReceive
 .text.SPI_WaitFlagStateUntilTimeout
                0x00000000080036bc      0x110 ./Drivers/STM32F4xx_HAL_Driver/Src/stm32f4xx_hal_spi.o
 .text.SPI_EndRxTransaction
                0x00000000080037cc       0xca ./Drivers/STM32F4xx_HAL_Driver/Src/stm32f4xx_hal_spi.o
 *fill*         0x0000000008003896        0x2 
 .text.SPI_EndRxTxTransaction
                0x0000000008003898       0x84 ./Drivers/STM32F4xx_HAL_Driver/Src/stm32f4xx_hal_spi.o
 .text.HAL_UART_Init
                0x000000000800391c       0x9a ./Drivers/STM32F4xx_HAL_Driver/Src/stm32f4xx_hal_uart.o
                0x000000000800391c                HAL_UART_Init
 *fill*         0x00000000080039b6        0x2 
 .text.UART_SetConfig
                0x00000000080039b8      0x390 ./Drivers/STM32F4xx_HAL_Driver/Src/stm32f4xx_hal_uart.o
 .text.USB_CoreInit
                0x0000000008003d48       0xc2 ./Drivers/STM32F4xx_HAL_Driver/Src/stm32f4xx_ll_usb.o
                0x0000000008003d48                USB_CoreInit
 *fill*         0x0000000008003e0a        0x2 
 .text.USB_SetTurnaroundTime
                0x0000000008003e0c      0x144 ./Drivers/STM32F4xx_HAL_Driver/Src/stm32f4xx_ll_usb.o
                0x0000000008003e0c                USB_SetTurnaroundTime
 .text.USB_EnableGlobalInt
                0x0000000008003f50       0x22 ./Drivers/STM32F4xx_HAL_Driver/Src/stm32f4xx_ll_usb.o
                0x0000000008003f50                USB_EnableGlobalInt
 .text.USB_DisableGlobalInt
                0x0000000008003f72       0x22 ./Drivers/STM32F4xx_HAL_Driver/Src/stm32f4xx_ll_usb.o
                0x0000000008003f72                USB_DisableGlobalInt
 .text.USB_SetCurrentMode
                0x0000000008003f94       0x98 ./Drivers/STM32F4xx_HAL_Driver/Src/stm32f4xx_ll_usb.o
                0x0000000008003f94                USB_SetCurrentMode
 .text.USB_DevInit
                0x000000000800402c      0x2c8 ./Drivers/STM32F4xx_HAL_Driver/Src/stm32f4xx_ll_usb.o
                0x000000000800402c                USB_DevInit
 .text.USB_FlushTxFifo
                0x00000000080042f4       0x48 ./Drivers/STM32F4xx_HAL_Driver/Src/stm32f4xx_ll_usb.o
                0x00000000080042f4                USB_FlushTxFifo
 .text.USB_FlushRxFifo
                0x000000000800433c       0x40 ./Drivers/STM32F4xx_HAL_Driver/Src/stm32f4xx_ll_usb.o
                0x000000000800433c                USB_FlushRxFifo
 .text.USB_SetDevSpeed
                0x000000000800437c       0x32 ./Drivers/STM32F4xx_HAL_Driver/Src/stm32f4xx_ll_usb.o
                0x000000000800437c                USB_SetDevSpeed
 .text.USB_GetDevSpeed
                0x00000000080043ae       0x4a ./Drivers/STM32F4xx_HAL_Driver/Src/stm32f4xx_ll_usb.o
                0x00000000080043ae                USB_GetDevSpeed
 .text.USB_ActivateEndpoint
                0x00000000080043f8      0x10e ./Drivers/STM32F4xx_HAL_Driver/Src/stm32f4xx_ll_usb.o
                0x00000000080043f8                USB_ActivateEndpoint
 *fill*         0x0000000008004506        0x2 
 .text.USB_DeactivateEndpoint
                0x0000000008004508      0x1b8 ./Drivers/STM32F4xx_HAL_Driver/Src/stm32f4xx_ll_usb.o
                0x0000000008004508                USB_DeactivateEndpoint
 .text.USB_EPStartXfer
                0x00000000080046c0      0x488 ./Drivers/STM32F4xx_HAL_Driver/Src/stm32f4xx_ll_usb.o
                0x00000000080046c0                USB_EPStartXfer
 .text.USB_EP0StartXfer
                0x0000000008004b48      0x2a6 ./Drivers/STM32F4xx_HAL_Driver/Src/stm32f4xx_ll_usb.o
                0x0000000008004b48                USB_EP0StartXfer
 .text.USB_WritePacket
                0x0000000008004dee       0x7c ./Drivers/STM32F4xx_HAL_Driver/Src/stm32f4xx_ll_usb.o
                0x0000000008004dee                USB_WritePacket
 .text.USB_ReadPacket
                0x0000000008004e6a       0xb0 ./Drivers/STM32F4xx_HAL_Driver/Src/stm32f4xx_ll_usb.o
                0x0000000008004e6a                USB_ReadPacket
 .text.USB_EPSetStall
                0x0000000008004f1a       0xdc ./Drivers/STM32F4xx_HAL_Driver/Src/stm32f4xx_ll_usb.o
                0x0000000008004f1a                USB_EPSetStall
 .text.USB_EPClearStall
                0x0000000008004ff6       0xcc ./Drivers/STM32F4xx_HAL_Driver/Src/stm32f4xx_ll_usb.o
                0x0000000008004ff6                USB_EPClearStall
 .text.USB_SetDevAddress
                0x00000000080050c2       0x4c ./Drivers/STM32F4xx_HAL_Driver/Src/stm32f4xx_ll_usb.o
                0x00000000080050c2                USB_SetDevAddress
 .text.USB_DevConnect
                0x000000000800510e       0x42 ./Drivers/STM32F4xx_HAL_Driver/Src/stm32f4xx_ll_usb.o
                0x000000000800510e                USB_DevConnect
 .text.USB_DevDisconnect
                0x0000000008005150       0x42 ./Drivers/STM32F4xx_HAL_Driver/Src/stm32f4xx_ll_usb.o
                0x0000000008005150                USB_DevDisconnect
 .text.USB_ReadInterrupts
                0x0000000008005192       0x26 ./Drivers/STM32F4xx_HAL_Driver/Src/stm32f4xx_ll_usb.o
                0x0000000008005192                USB_ReadInterrupts
 .text.USB_ReadDevAllOutEpInterrupt
                0x00000000080051b8       0x34 ./Drivers/STM32F4xx_HAL_Driver/Src/stm32f4xx_ll_usb.o
                0x00000000080051b8                USB_ReadDevAllOutEpInterrupt
 .text.USB_ReadDevAllInEpInterrupt
                0x00000000080051ec       0x34 ./Drivers/STM32F4xx_HAL_Driver/Src/stm32f4xx_ll_usb.o
                0x00000000080051ec                USB_ReadDevAllInEpInterrupt
 .text.USB_ReadDevOutEPInterrupt
                0x0000000008005220       0x3c ./Drivers/STM32F4xx_HAL_Driver/Src/stm32f4xx_ll_usb.o
                0x0000000008005220                USB_ReadDevOutEPInterrupt
 .text.USB_ReadDevInEPInterrupt
                0x000000000800525c       0x5c ./Drivers/STM32F4xx_HAL_Driver/Src/stm32f4xx_ll_usb.o
                0x000000000800525c                USB_ReadDevInEPInterrupt
 .text.USB_GetMode
                0x00000000080052b8       0x1c ./Drivers/STM32F4xx_HAL_Driver/Src/stm32f4xx_ll_usb.o
                0x00000000080052b8                USB_GetMode
 .text.USB_ActivateSetup
                0x00000000080052d4       0x46 ./Drivers/STM32F4xx_HAL_Driver/Src/stm32f4xx_ll_usb.o
                0x00000000080052d4                USB_ActivateSetup
 *fill*         0x000000000800531a        0x2 
 .text.USB_EP0_OutStart
                0x000000000800531c       0xbc ./Drivers/STM32F4xx_HAL_Driver/Src/stm32f4xx_ll_usb.o
                0x000000000800531c                USB_EP0_OutStart
 .text.USB_CoreReset
                0x00000000080053d8       0x64 ./Drivers/STM32F4xx_HAL_Driver/Src/stm32f4xx_ll_usb.o
 .text.USBD_HID_Init
                0x000000000800543c       0x66 ./Middlewares/ST/STM32_USB_Device_Library/Class/HID/Src/usbd_hid.o
 .text.USBD_HID_DeInit
                0x00000000080054a2       0x48 ./Middlewares/ST/STM32_USB_Device_Library/Class/HID/Src/usbd_hid.o
 *fill*         0x00000000080054ea        0x2 
 .text.USBD_HID_Setup
                0x00000000080054ec      0x208 ./Middlewares/ST/STM32_USB_Device_Library/Class/HID/Src/usbd_hid.o
 .text.USBD_HID_SendReport
                0x00000000080056f4       0x50 ./Middlewares/ST/STM32_USB_Device_Library/Class/HID/Src/usbd_hid.o
                0x00000000080056f4                USBD_HID_SendReport
 .text.USBD_HID_GetFSCfgDesc
                0x0000000008005744       0x20 ./Middlewares/ST/STM32_USB_Device_Library/Class/HID/Src/usbd_hid.o
 .text.USBD_HID_GetHSCfgDesc
                0x0000000008005764       0x20 ./Middlewares/ST/STM32_USB_Device_Library/Class/HID/Src/usbd_hid.o
 .text.USBD_HID_GetOtherSpeedCfgDesc
                0x0000000008005784       0x20 ./Middlewares/ST/STM32_USB_Device_Library/Class/HID/Src/usbd_hid.o
 .text.USBD_HID_DataIn
                0x00000000080057a4       0x24 ./Middlewares/ST/STM32_USB_Device_Library/Class/HID/Src/usbd_hid.o
 .text.USBD_HID_GetDeviceQualifierDesc
                0x00000000080057c8       0x20 ./Middlewares/ST/STM32_USB_Device_Library/Class/HID/Src/usbd_hid.o
 .text.USBD_Init
                0x00000000080057e8       0x60 ./Middlewares/ST/STM32_USB_Device_Library/Core/Src/usbd_core.o
                0x00000000080057e8                USBD_Init
 .text.USBD_RegisterClass
                0x0000000008005848       0x4e ./Middlewares/ST/STM32_USB_Device_Library/Core/Src/usbd_core.o
                0x0000000008005848                USBD_RegisterClass
 .text.USBD_Start
                0x0000000008005896       0x18 ./Middlewares/ST/STM32_USB_Device_Library/Core/Src/usbd_core.o
                0x0000000008005896                USBD_Start
 .text.USBD_RunTestMode
                0x00000000080058ae       0x16 ./Middlewares/ST/STM32_USB_Device_Library/Core/Src/usbd_core.o
                0x00000000080058ae                USBD_RunTestMode
 .text.USBD_SetClassConfig
                0x00000000080058c4       0x38 ./Middlewares/ST/STM32_USB_Device_Library/Core/Src/usbd_core.o
                0x00000000080058c4                USBD_SetClassConfig
 .text.USBD_ClrClassConfig
                0x00000000080058fc       0x30 ./Middlewares/ST/STM32_USB_Device_Library/Core/Src/usbd_core.o
                0x00000000080058fc                USBD_ClrClassConfig
 .text.USBD_LL_SetupStage
                0x000000000800592c       0xaa ./Middlewares/ST/STM32_USB_Device_Library/Core/Src/usbd_core.o
                0x000000000800592c                USBD_LL_SetupStage
 .text.USBD_LL_DataOutStage
                0x00000000080059d6       0xc6 ./Middlewares/ST/STM32_USB_Device_Library/Core/Src/usbd_core.o
                0x00000000080059d6                USBD_LL_DataOutStage
 .text.USBD_LL_DataInStage
                0x0000000008005a9c      0x12c ./Middlewares/ST/STM32_USB_Device_Library/Core/Src/usbd_core.o
                0x0000000008005a9c                USBD_LL_DataInStage
 .text.USBD_LL_Reset
                0x0000000008005bc8       0x9c ./Middlewares/ST/STM32_USB_Device_Library/Core/Src/usbd_core.o
                0x0000000008005bc8                USBD_LL_Reset
 .text.USBD_LL_SetSpeed
                0x0000000008005c64       0x20 ./Middlewares/ST/STM32_USB_Device_Library/Core/Src/usbd_core.o
                0x0000000008005c64                USBD_LL_SetSpeed
 .text.USBD_LL_Suspend
                0x0000000008005c84       0x2c ./Middlewares/ST/STM32_USB_Device_Library/Core/Src/usbd_core.o
                0x0000000008005c84                USBD_LL_Suspend
 .text.USBD_LL_Resume
                0x0000000008005cb0       0x30 ./Middlewares/ST/STM32_USB_Device_Library/Core/Src/usbd_core.o
                0x0000000008005cb0                USBD_LL_Resume
 .text.USBD_LL_SOF
                0x0000000008005ce0       0x44 ./Middlewares/ST/STM32_USB_Device_Library/Core/Src/usbd_core.o
                0x0000000008005ce0                USBD_LL_SOF
 .text.USBD_LL_IsoINIncomplete
                0x0000000008005d24       0x4c ./Middlewares/ST/STM32_USB_Device_Library/Core/Src/usbd_core.o
                0x0000000008005d24                USBD_LL_IsoINIncomplete
 .text.USBD_LL_IsoOUTIncomplete
                0x0000000008005d70       0x4c ./Middlewares/ST/STM32_USB_Device_Library/Core/Src/usbd_core.o
                0x0000000008005d70                USBD_LL_IsoOUTIncomplete
 .text.USBD_LL_DevConnected
                0x0000000008005dbc       0x16 ./Middlewares/ST/STM32_USB_Device_Library/Core/Src/usbd_core.o
                0x0000000008005dbc                USBD_LL_DevConnected
 .text.USBD_LL_DevDisconnected
                0x0000000008005dd2       0x38 ./Middlewares/ST/STM32_USB_Device_Library/Core/Src/usbd_core.o
                0x0000000008005dd2                USBD_LL_DevDisconnected
 .text.SWAPBYTE
                0x0000000008005e0a       0x3c ./Middlewares/ST/STM32_USB_Device_Library/Core/Src/usbd_ctlreq.o
 *fill*         0x0000000008005e46        0x2 
 .text.USBD_StdDevReq
                0x0000000008005e48       0xdc ./Middlewares/ST/STM32_USB_Device_Library/Core/Src/usbd_ctlreq.o
                0x0000000008005e48                USBD_StdDevReq
 .text.USBD_StdItfReq
                0x0000000008005f24       0x92 ./Middlewares/ST/STM32_USB_Device_Library/Core/Src/usbd_ctlreq.o
                0x0000000008005f24                USBD_StdItfReq
 .text.USBD_StdEPReq
                0x0000000008005fb6      0x2c4 ./Middlewares/ST/STM32_USB_Device_Library/Core/Src/usbd_ctlreq.o
                0x0000000008005fb6                USBD_StdEPReq
 *fill*         0x000000000800627a        0x2 
 .text.USBD_GetDescriptor
                0x000000000800627c      0x2d4 ./Middlewares/ST/STM32_USB_Device_Library/Core/Src/usbd_ctlreq.o
 .text.USBD_SetAddress
                0x0000000008006550       0x88 ./Middlewares/ST/STM32_USB_Device_Library/Core/Src/usbd_ctlreq.o
 .text.USBD_SetConfig
                0x00000000080065d8      0x14c ./Middlewares/ST/STM32_USB_Device_Library/Core/Src/usbd_ctlreq.o
 .text.USBD_GetConfig
                0x0000000008006724       0x6c ./Middlewares/ST/STM32_USB_Device_Library/Core/Src/usbd_ctlreq.o
 .text.USBD_GetStatus
                0x0000000008006790       0x68 ./Middlewares/ST/STM32_USB_Device_Library/Core/Src/usbd_ctlreq.o
 .text.USBD_SetFeature
                0x00000000080067f8       0x28 ./Middlewares/ST/STM32_USB_Device_Library/Core/Src/usbd_ctlreq.o
 .text.USBD_ClrFeature
                0x0000000008006820       0x44 ./Middlewares/ST/STM32_USB_Device_Library/Core/Src/usbd_ctlreq.o
 .text.USBD_ParseSetupRequest
                0x0000000008006864       0x74 ./Middlewares/ST/STM32_USB_Device_Library/Core/Src/usbd_ctlreq.o
                0x0000000008006864                USBD_ParseSetupRequest
 .text.USBD_CtlError
                0x00000000080068d8       0x22 ./Middlewares/ST/STM32_USB_Device_Library/Core/Src/usbd_ctlreq.o
                0x00000000080068d8                USBD_CtlError
 .text.USBD_GetString
                0x00000000080068fa       0x8c ./Middlewares/ST/STM32_USB_Device_Library/Core/Src/usbd_ctlreq.o
                0x00000000080068fa                USBD_GetString
 .text.USBD_GetLen
                0x0000000008006986       0x34 ./Middlewares/ST/STM32_USB_Device_Library/Core/Src/usbd_ctlreq.o
 .text.USBD_CtlSendData
                0x00000000080069ba       0x36 ./Middlewares/ST/STM32_USB_Device_Library/Core/Src/usbd_ioreq.o
                0x00000000080069ba                USBD_CtlSendData
 .text.USBD_CtlContinueSendData
                0x00000000080069f0       0x22 ./Middlewares/ST/STM32_USB_Device_Library/Core/Src/usbd_ioreq.o
                0x00000000080069f0                USBD_CtlContinueSendData
 .text.USBD_CtlContinueRx
                0x0000000008006a12       0x22 ./Middlewares/ST/STM32_USB_Device_Library/Core/Src/usbd_ioreq.o
                0x0000000008006a12                USBD_CtlContinueRx
 .text.USBD_CtlSendStatus
                0x0000000008006a34       0x26 ./Middlewares/ST/STM32_USB_Device_Library/Core/Src/usbd_ioreq.o
                0x0000000008006a34                USBD_CtlSendStatus
 .text.USBD_CtlReceiveStatus
                0x0000000008006a5a       0x26 ./Middlewares/ST/STM32_USB_Device_Library/Core/Src/usbd_ioreq.o
                0x0000000008006a5a                USBD_CtlReceiveStatus
 .text.MX_USB_DEVICE_Init
                0x0000000008006a80       0x4c ./USB_DEVICE/App/usb_device.o
                0x0000000008006a80                MX_USB_DEVICE_Init
 .text.USBD_FS_DeviceDescriptor
                0x0000000008006acc       0x24 ./USB_DEVICE/App/usbd_desc.o
                0x0000000008006acc                USBD_FS_DeviceDescriptor
 .text.USBD_FS_LangIDStrDescriptor
                0x0000000008006af0       0x24 ./USB_DEVICE/App/usbd_desc.o
                0x0000000008006af0                USBD_FS_LangIDStrDescriptor
 .text.USBD_FS_ProductStrDescriptor
                0x0000000008006b14       0x3c ./USB_DEVICE/App/usbd_desc.o
                0x0000000008006b14                USBD_FS_ProductStrDescriptor
 .text.USBD_FS_ManufacturerStrDescriptor
                0x0000000008006b50       0x28 ./USB_DEVICE/App/usbd_desc.o
                0x0000000008006b50                USBD_FS_ManufacturerStrDescriptor
 .text.USBD_FS_SerialStrDescriptor
                0x0000000008006b78       0x24 ./USB_DEVICE/App/usbd_desc.o
                0x0000000008006b78                USBD_FS_SerialStrDescriptor
 .text.USBD_FS_ConfigStrDescriptor
                0x0000000008006b9c       0x3c ./USB_DEVICE/App/usbd_desc.o
                0x0000000008006b9c                USBD_FS_ConfigStrDescriptor
 .text.USBD_FS_InterfaceStrDescriptor
                0x0000000008006bd8       0x3c ./USB_DEVICE/App/usbd_desc.o
                0x0000000008006bd8                USBD_FS_InterfaceStrDescriptor
 .text.Get_SerialNum
                0x0000000008006c14       0x58 ./USB_DEVICE/App/usbd_desc.o
 .text.IntToUnicode
                0x0000000008006c6c       0x7e ./USB_DEVICE/App/usbd_desc.o
 *fill*         0x0000000008006cea        0x2 
 .text.HAL_PCD_MspInit
                0x0000000008006cec       0xa8 ./USB_DEVICE/Target/usbd_conf.o
                0x0000000008006cec                HAL_PCD_MspInit
 .text.HAL_PCD_SetupStageCallback
                0x0000000008006d94       0x24 ./USB_DEVICE/Target/usbd_conf.o
                0x0000000008006d94                HAL_PCD_SetupStageCallback
 .text.HAL_PCD_DataOutStageCallback
                0x0000000008006db8       0x36 ./USB_DEVICE/Target/usbd_conf.o
                0x0000000008006db8                HAL_PCD_DataOutStageCallback
 .text.HAL_PCD_DataInStageCallback
                0x0000000008006dee       0x34 ./USB_DEVICE/Target/usbd_conf.o
                0x0000000008006dee                HAL_PCD_DataInStageCallback
 .text.HAL_PCD_SOFCallback
                0x0000000008006e22       0x1c ./USB_DEVICE/Target/usbd_conf.o
                0x0000000008006e22                HAL_PCD_SOFCallback
 .text.HAL_PCD_ResetCallback
                0x0000000008006e3e       0x3c ./USB_DEVICE/Target/usbd_conf.o
                0x0000000008006e3e                HAL_PCD_ResetCallback
 *fill*         0x0000000008006e7a        0x2 
 .text.HAL_PCD_SuspendCallback
                0x0000000008006e7c       0x4c ./USB_DEVICE/Target/usbd_conf.o
                0x0000000008006e7c                HAL_PCD_SuspendCallback
 .text.HAL_PCD_ResumeCallback
                0x0000000008006ec8       0x1c ./USB_DEVICE/Target/usbd_conf.o
                0x0000000008006ec8                HAL_PCD_ResumeCallback
 .text.HAL_PCD_ISOOUTIncompleteCallback
                0x0000000008006ee4       0x24 ./USB_DEVICE/Target/usbd_conf.o
                0x0000000008006ee4                HAL_PCD_ISOOUTIncompleteCallback
 .text.HAL_PCD_ISOINIncompleteCallback
                0x0000000008006f08       0x24 ./USB_DEVICE/Target/usbd_conf.o
                0x0000000008006f08                HAL_PCD_ISOINIncompleteCallback
 .text.HAL_PCD_ConnectCallback
                0x0000000008006f2c       0x1c ./USB_DEVICE/Target/usbd_conf.o
                0x0000000008006f2c                HAL_PCD_ConnectCallback
 .text.HAL_PCD_DisconnectCallback
                0x0000000008006f48       0x1c ./USB_DEVICE/Target/usbd_conf.o
                0x0000000008006f48                HAL_PCD_DisconnectCallback
 .text.USBD_LL_Init
                0x0000000008006f64       0x98 ./USB_DEVICE/Target/usbd_conf.o
                0x0000000008006f64                USBD_LL_Init
 .text.USBD_LL_Start
                0x0000000008006ffc       0x36 ./USB_DEVICE/Target/usbd_conf.o
                0x0000000008006ffc                USBD_LL_Start
 .text.USBD_LL_OpenEP
                0x0000000008007032       0x4c ./USB_DEVICE/Target/usbd_conf.o
                0x0000000008007032                USBD_LL_OpenEP
 .text.USBD_LL_CloseEP
                0x000000000800707e       0x3e ./USB_DEVICE/Target/usbd_conf.o
                0x000000000800707e                USBD_LL_CloseEP
 .text.USBD_LL_StallEP
                0x00000000080070bc       0x3e ./USB_DEVICE/Target/usbd_conf.o
                0x00000000080070bc                USBD_LL_StallEP
 .text.USBD_LL_ClearStallEP
                0x00000000080070fa       0x3e ./USB_DEVICE/Target/usbd_conf.o
                0x00000000080070fa                USBD_LL_ClearStallEP
 .text.USBD_LL_IsStallEP
                0x0000000008007138       0x58 ./USB_DEVICE/Target/usbd_conf.o
                0x0000000008007138                USBD_LL_IsStallEP
 .text.USBD_LL_SetUSBAddress
                0x0000000008007190       0x3e ./USB_DEVICE/Target/usbd_conf.o
                0x0000000008007190                USBD_LL_SetUSBAddress
 .text.USBD_LL_Transmit
                0x00000000080071ce       0x42 ./USB_DEVICE/Target/usbd_conf.o
                0x00000000080071ce                USBD_LL_Transmit
 .text.USBD_LL_PrepareReceive
                0x0000000008007210       0x42 ./USB_DEVICE/Target/usbd_conf.o
                0x0000000008007210                USBD_LL_PrepareReceive
 *fill*         0x0000000008007252        0x2 
 .text.USBD_static_malloc
                0x0000000008007254       0x1c ./USB_DEVICE/Target/usbd_conf.o
                0x0000000008007254                USBD_static_malloc
 .text.USBD_static_free
                0x0000000008007270       0x14 ./USB_DEVICE/Target/usbd_conf.o
                0x0000000008007270                USBD_static_free
 .text.USBD_Get_USB_Status
                0x0000000008007284       0x58 ./USB_DEVICE/Target/usbd_conf.o
                0x0000000008007284                USBD_Get_USB_Status
 .text.__libc_init_array
                0x00000000080072dc       0x48 c:/st/stm32cubeide_1.7.0/stm32cubeide/plugins/com.st.stm32cube.ide.mcu.externaltools.gnu-tools-for-stm32.9-2020-q2-update.win32_2.0.0.202105311346/tools/bin/../lib/gcc/arm-none-eabi/9.3.1/../../../../arm-none-eabi/lib/thumb/v7e-m+fp/hard\libc_nano.a(lib_a-init.o)
                0x00000000080072dc                __libc_init_array
 .text.memset   0x0000000008007324       0x10 c:/st/stm32cubeide_1.7.0/stm32cubeide/plugins/com.st.stm32cube.ide.mcu.externaltools.gnu-tools-for-stm32.9-2020-q2-update.win32_2.0.0.202105311346/tools/bin/../lib/gcc/arm-none-eabi/9.3.1/../../../../arm-none-eabi/lib/thumb/v7e-m+fp/hard\libc_nano.a(lib_a-memset.o)
                0x0000000008007324                memset
 *(.glue_7)
 .glue_7        0x0000000008007334        0x0 linker stubs
 *(.glue_7t)
 .glue_7t       0x0000000008007334        0x0 linker stubs
 *(.eh_frame)
 .eh_frame      0x0000000008007334        0x0 c:/st/stm32cubeide_1.7.0/stm32cubeide/plugins/com.st.stm32cube.ide.mcu.externaltools.gnu-tools-for-stm32.9-2020-q2-update.win32_2.0.0.202105311346/tools/bin/../lib/gcc/arm-none-eabi/9.3.1/thumb/v7e-m+fp/hard/crtbegin.o
 *(.init)
 .init          0x0000000008007334        0x4 c:/st/stm32cubeide_1.7.0/stm32cubeide/plugins/com.st.stm32cube.ide.mcu.externaltools.gnu-tools-for-stm32.9-2020-q2-update.win32_2.0.0.202105311346/tools/bin/../lib/gcc/arm-none-eabi/9.3.1/thumb/v7e-m+fp/hard/crti.o
                0x0000000008007334                _init
 .init          0x0000000008007338        0x8 c:/st/stm32cubeide_1.7.0/stm32cubeide/plugins/com.st.stm32cube.ide.mcu.externaltools.gnu-tools-for-stm32.9-2020-q2-update.win32_2.0.0.202105311346/tools/bin/../lib/gcc/arm-none-eabi/9.3.1/thumb/v7e-m+fp/hard/crtn.o
 *(.fini)
 .fini          0x0000000008007340        0x4 c:/st/stm32cubeide_1.7.0/stm32cubeide/plugins/com.st.stm32cube.ide.mcu.externaltools.gnu-tools-for-stm32.9-2020-q2-update.win32_2.0.0.202105311346/tools/bin/../lib/gcc/arm-none-eabi/9.3.1/thumb/v7e-m+fp/hard/crti.o
                0x0000000008007340                _fini
 .fini          0x0000000008007344        0x8 c:/st/stm32cubeide_1.7.0/stm32cubeide/plugins/com.st.stm32cube.ide.mcu.externaltools.gnu-tools-for-stm32.9-2020-q2-update.win32_2.0.0.202105311346/tools/bin/../lib/gcc/arm-none-eabi/9.3.1/thumb/v7e-m+fp/hard/crtn.o
                0x000000000800734c                . = ALIGN (0x4)
                0x000000000800734c                _etext = .

.vfp11_veneer   0x000000000800734c        0x0
 .vfp11_veneer  0x000000000800734c        0x0 linker stubs

.v4_bx          0x000000000800734c        0x0
 .v4_bx         0x000000000800734c        0x0 linker stubs

.iplt           0x000000000800734c        0x0
 .iplt          0x000000000800734c        0x0 c:/st/stm32cubeide_1.7.0/stm32cubeide/plugins/com.st.stm32cube.ide.mcu.externaltools.gnu-tools-for-stm32.9-2020-q2-update.win32_2.0.0.202105311346/tools/bin/../lib/gcc/arm-none-eabi/9.3.1/thumb/v7e-m+fp/hard/crtbegin.o

.rodata         0x000000000800734c       0x58
                0x000000000800734c                . = ALIGN (0x4)
 *(.rodata)
 .rodata        0x000000000800734c       0x3e ./USB_DEVICE/App/usbd_desc.o
 *(.rodata*)
 *fill*         0x000000000800738a        0x2 
 .rodata.AHBPrescTable
                0x000000000800738c       0x10 ./Core/Src/system_stm32f4xx.o
                0x000000000800738c                AHBPrescTable
 .rodata.APBPrescTable
                0x000000000800739c        0x8 ./Core/Src/system_stm32f4xx.o
                0x000000000800739c                APBPrescTable
                0x00000000080073a4                . = ALIGN (0x4)

.ARM.extab      0x00000000080073a4        0x0
                0x00000000080073a4                . = ALIGN (0x4)
 *(.ARM.extab* .gnu.linkonce.armextab.*)
                0x00000000080073a4                . = ALIGN (0x4)

.ARM            0x00000000080073a4        0x8
                0x00000000080073a4                . = ALIGN (0x4)
                0x00000000080073a4                __exidx_start = .
 *(.ARM.exidx*)
 .ARM.exidx     0x00000000080073a4        0x8 c:/st/stm32cubeide_1.7.0/stm32cubeide/plugins/com.st.stm32cube.ide.mcu.externaltools.gnu-tools-for-stm32.9-2020-q2-update.win32_2.0.0.202105311346/tools/bin/../lib/gcc/arm-none-eabi/9.3.1/thumb/v7e-m+fp/hard\libgcc.a(_udivmoddi4.o)
                0x00000000080073ac                __exidx_end = .
                0x00000000080073ac                . = ALIGN (0x4)

.rel.dyn        0x00000000080073ac        0x0
 .rel.iplt      0x00000000080073ac        0x0 c:/st/stm32cubeide_1.7.0/stm32cubeide/plugins/com.st.stm32cube.ide.mcu.externaltools.gnu-tools-for-stm32.9-2020-q2-update.win32_2.0.0.202105311346/tools/bin/../lib/gcc/arm-none-eabi/9.3.1/thumb/v7e-m+fp/hard/crtbegin.o

.preinit_array  0x00000000080073ac        0x0
                0x00000000080073ac                . = ALIGN (0x4)
                0x00000000080073ac                PROVIDE (__preinit_array_start = .)
 *(.preinit_array*)
                0x00000000080073ac                PROVIDE (__preinit_array_end = .)
                0x00000000080073ac                . = ALIGN (0x4)

.init_array     0x00000000080073ac        0x4
                0x00000000080073ac                . = ALIGN (0x4)
                0x00000000080073ac                PROVIDE (__init_array_start = .)
 *(SORT_BY_NAME(.init_array.*))
 *(.init_array*)
 .init_array    0x00000000080073ac        0x4 c:/st/stm32cubeide_1.7.0/stm32cubeide/plugins/com.st.stm32cube.ide.mcu.externaltools.gnu-tools-for-stm32.9-2020-q2-update.win32_2.0.0.202105311346/tools/bin/../lib/gcc/arm-none-eabi/9.3.1/thumb/v7e-m+fp/hard/crtbegin.o
                0x00000000080073b0                PROVIDE (__init_array_end = .)
                0x00000000080073b0                . = ALIGN (0x4)

.fini_array     0x00000000080073b0        0x4
                0x00000000080073b0                . = ALIGN (0x4)
                [!provide]                        PROVIDE (__fini_array_start = .)
 *(SORT_BY_NAME(.fini_array.*))
 *(.fini_array*)
 .fini_array    0x00000000080073b0        0x4 c:/st/stm32cubeide_1.7.0/stm32cubeide/plugins/com.st.stm32cube.ide.mcu.externaltools.gnu-tools-for-stm32.9-2020-q2-update.win32_2.0.0.202105311346/tools/bin/../lib/gcc/arm-none-eabi/9.3.1/thumb/v7e-m+fp/hard/crtbegin.o
                [!provide]                        PROVIDE (__fini_array_end = .)
                0x00000000080073b4                . = ALIGN (0x4)
                0x00000000080073b4                _sidata = LOADADDR (.data)

.data           0x0000000020000000      0x158 load address 0x00000000080073b4
                0x0000000020000000                . = ALIGN (0x4)
                0x0000000020000000                _sdata = .
 *(.data)
 *(.data*)
 .data.SystemCoreClock
                0x0000000020000000        0x4 ./Core/Src/system_stm32f4xx.o
                0x0000000020000000                SystemCoreClock
 .data.uwTickPrio
                0x0000000020000004        0x4 ./Drivers/STM32F4xx_HAL_Driver/Src/stm32f4xx_hal.o
                0x0000000020000004                uwTickPrio
 .data.uwTickFreq
                0x0000000020000008        0x1 ./Drivers/STM32F4xx_HAL_Driver/Src/stm32f4xx_hal.o
                0x0000000020000008                uwTickFreq
 *fill*         0x0000000020000009        0x3 
 .data.USBD_HID
                0x000000002000000c       0x38 ./Middlewares/ST/STM32_USB_Device_Library/Class/HID/Src/usbd_hid.o
                0x000000002000000c                USBD_HID
 .data.USBD_HID_CfgFSDesc
                0x0000000020000044       0x22 ./Middlewares/ST/STM32_USB_Device_Library/Class/HID/Src/usbd_hid.o
 *fill*         0x0000000020000066        0x2 
 .data.USBD_HID_CfgHSDesc
                0x0000000020000068       0x22 ./Middlewares/ST/STM32_USB_Device_Library/Class/HID/Src/usbd_hid.o
 *fill*         0x000000002000008a        0x2 
 .data.USBD_HID_OtherSpeedCfgDesc
                0x000000002000008c       0x22 ./Middlewares/ST/STM32_USB_Device_Library/Class/HID/Src/usbd_hid.o
 *fill*         0x00000000200000ae        0x2 
 .data.USBD_HID_Desc
                0x00000000200000b0        0x9 ./Middlewares/ST/STM32_USB_Device_Library/Class/HID/Src/usbd_hid.o
 *fill*         0x00000000200000b9        0x3 
 .data.USBD_HID_DeviceQualifierDesc
                0x00000000200000bc        0xa ./Middlewares/ST/STM32_USB_Device_Library/Class/HID/Src/usbd_hid.o
 *fill*         0x00000000200000c6        0x2 
 .data.HID_MOUSE_ReportDesc
                0x00000000200000c8       0x3f ./Middlewares/ST/STM32_USB_Device_Library/Class/HID/Src/usbd_hid.o
 *fill*         0x0000000020000107        0x1 
 .data.FS_Desc  0x0000000020000108       0x1c ./USB_DEVICE/App/usbd_desc.o
                0x0000000020000108                FS_Desc
 .data.USBD_FS_DeviceDesc
                0x0000000020000124       0x12 ./USB_DEVICE/App/usbd_desc.o
                0x0000000020000124                USBD_FS_DeviceDesc
 *fill*         0x0000000020000136        0x2 
 .data.USBD_LangIDDesc
                0x0000000020000138        0x4 ./USB_DEVICE/App/usbd_desc.o
                0x0000000020000138                USBD_LangIDDesc
 .data.USBD_StringSerial
                0x000000002000013c       0x1a ./USB_DEVICE/App/usbd_desc.o
                0x000000002000013c                USBD_StringSerial
 *(.RamFunc)
 *(.RamFunc*)
                0x0000000020000158                . = ALIGN (0x4)
 *fill*         0x0000000020000156        0x2 
                0x0000000020000158                _edata = .

.igot.plt       0x0000000020000158        0x0 load address 0x000000000800750c
 .igot.plt      0x0000000020000158        0x0 c:/st/stm32cubeide_1.7.0/stm32cubeide/plugins/com.st.stm32cube.ide.mcu.externaltools.gnu-tools-for-stm32.9-2020-q2-update.win32_2.0.0.202105311346/tools/bin/../lib/gcc/arm-none-eabi/9.3.1/thumb/v7e-m+fp/hard/crtbegin.o
                0x0000000020000158                . = ALIGN (0x4)

.bss            0x0000000020000158      0xa38 load address 0x000000000800750c
                0x0000000020000158                _sbss = .
                0x0000000020000158                __bss_start__ = _sbss
 *(.bss)
 .bss           0x0000000020000158       0x1c c:/st/stm32cubeide_1.7.0/stm32cubeide/plugins/com.st.stm32cube.ide.mcu.externaltools.gnu-tools-for-stm32.9-2020-q2-update.win32_2.0.0.202105311346/tools/bin/../lib/gcc/arm-none-eabi/9.3.1/thumb/v7e-m+fp/hard/crtbegin.o
 *(.bss*)
 .bss.keyboard  0x0000000020000174        0x8 ./Core/Src/main.o
                0x0000000020000174                keyboard
 .bss.buttonState
                0x000000002000017c        0x4 ./Core/Src/main.o
                0x000000002000017c                buttonState
 .bss.cfgidx.10037
                0x0000000020000180        0x1 ./Middlewares/ST/STM32_USB_Device_Library/Core/Src/usbd_ctlreq.o
 *fill*         0x0000000020000181        0x3 
 .bss.mem.10074
                0x0000000020000184       0x14 ./USB_DEVICE/Target/usbd_conf.o
 *(COMMON)
 COMMON         0x0000000020000198      0x11c ./Core/Src/main.o
                0x0000000020000198                hspi2
                0x00000000200001f0                buff
                0x0000000020000204                hspi3
                0x000000002000025c                buff2
                0x0000000020000270                huart2
 COMMON         0x00000000200002b4        0x4 ./Drivers/STM32F4xx_HAL_Driver/Src/stm32f4xx_hal.o
                0x00000000200002b4                uwTick
 COMMON         0x00000000200002b8      0x2d0 ./USB_DEVICE/App/usb_device.o
                0x00000000200002b8                hUsbDeviceFS
 COMMON         0x0000000020000588      0x200 ./USB_DEVICE/App/usbd_desc.o
                0x0000000020000588                USBD_StrDesc
 COMMON         0x0000000020000788      0x408 ./USB_DEVICE/Target/usbd_conf.o
                0x0000000020000788                hpcd_USB_OTG_FS
                0x0000000020000b90                . = ALIGN (0x4)
                0x0000000020000b90                _ebss = .
                0x0000000020000b90                __bss_end__ = _ebss

._user_heap_stack
                0x0000000020000b90     0x1400 load address 0x000000000800750c
                0x0000000020000b90                . = ALIGN (0x8)
                [!provide]                        PROVIDE (end = .)
                0x0000000020000b90                PROVIDE (_end = .)
                0x0000000020001b90                . = (. + _Min_Heap_Size)
 *fill*         0x0000000020000b90     0x1000 
                0x0000000020001f90                . = (. + _Min_Stack_Size)
 *fill*         0x0000000020001b90      0x400 
                0x0000000020001f90                . = ALIGN (0x8)

/DISCARD/
 libc.a(*)
 libm.a(*)
 libgcc.a(*)

.ARM.attributes
                0x0000000000000000       0x30
 *(.ARM.attributes)
 .ARM.attributes
                0x0000000000000000       0x1e c:/st/stm32cubeide_1.7.0/stm32cubeide/plugins/com.st.stm32cube.ide.mcu.externaltools.gnu-tools-for-stm32.9-2020-q2-update.win32_2.0.0.202105311346/tools/bin/../lib/gcc/arm-none-eabi/9.3.1/thumb/v7e-m+fp/hard/crti.o
 .ARM.attributes
                0x000000000000001e       0x34 c:/st/stm32cubeide_1.7.0/stm32cubeide/plugins/com.st.stm32cube.ide.mcu.externaltools.gnu-tools-for-stm32.9-2020-q2-update.win32_2.0.0.202105311346/tools/bin/../lib/gcc/arm-none-eabi/9.3.1/thumb/v7e-m+fp/hard/crtbegin.o
 .ARM.attributes
                0x0000000000000052       0x34 ./Core/Src/main.o
 .ARM.attributes
                0x0000000000000086       0x34 ./Core/Src/stm32f4xx_hal_msp.o
 .ARM.attributes
                0x00000000000000ba       0x34 ./Core/Src/stm32f4xx_it.o
 .ARM.attributes
                0x00000000000000ee       0x34 ./Core/Src/system_stm32f4xx.o
 .ARM.attributes
                0x0000000000000122       0x21 ./Core/Startup/startup_stm32f411retx.o
 .ARM.attributes
                0x0000000000000143       0x34 ./Drivers/STM32F4xx_HAL_Driver/Src/stm32f4xx_hal.o
 .ARM.attributes
                0x0000000000000177       0x34 ./Drivers/STM32F4xx_HAL_Driver/Src/stm32f4xx_hal_cortex.o
 .ARM.attributes
                0x00000000000001ab       0x34 ./Drivers/STM32F4xx_HAL_Driver/Src/stm32f4xx_hal_gpio.o
 .ARM.attributes
                0x00000000000001df       0x34 ./Drivers/STM32F4xx_HAL_Driver/Src/stm32f4xx_hal_pcd.o
 .ARM.attributes
                0x0000000000000213       0x34 ./Drivers/STM32F4xx_HAL_Driver/Src/stm32f4xx_hal_pcd_ex.o
 .ARM.attributes
                0x0000000000000247       0x34 ./Drivers/STM32F4xx_HAL_Driver/Src/stm32f4xx_hal_rcc.o
 .ARM.attributes
                0x000000000000027b       0x34 ./Drivers/STM32F4xx_HAL_Driver/Src/stm32f4xx_hal_spi.o
 .ARM.attributes
                0x00000000000002af       0x34 ./Drivers/STM32F4xx_HAL_Driver/Src/stm32f4xx_hal_uart.o
 .ARM.attributes
                0x00000000000002e3       0x34 ./Drivers/STM32F4xx_HAL_Driver/Src/stm32f4xx_ll_usb.o
 .ARM.attributes
                0x0000000000000317       0x34 ./Middlewares/ST/STM32_USB_Device_Library/Class/HID/Src/usbd_hid.o
 .ARM.attributes
                0x000000000000034b       0x34 ./Middlewares/ST/STM32_USB_Device_Library/Core/Src/usbd_core.o
 .ARM.attributes
                0x000000000000037f       0x34 ./Middlewares/ST/STM32_USB_Device_Library/Core/Src/usbd_ctlreq.o
 .ARM.attributes
                0x00000000000003b3       0x34 ./Middlewares/ST/STM32_USB_Device_Library/Core/Src/usbd_ioreq.o
 .ARM.attributes
                0x00000000000003e7       0x34 ./USB_DEVICE/App/usb_device.o
 .ARM.attributes
                0x000000000000041b       0x34 ./USB_DEVICE/App/usbd_desc.o
 .ARM.attributes
                0x000000000000044f       0x34 ./USB_DEVICE/Target/usbd_conf.o
 .ARM.attributes
                0x0000000000000483       0x34 c:/st/stm32cubeide_1.7.0/stm32cubeide/plugins/com.st.stm32cube.ide.mcu.externaltools.gnu-tools-for-stm32.9-2020-q2-update.win32_2.0.0.202105311346/tools/bin/../lib/gcc/arm-none-eabi/9.3.1/../../../../arm-none-eabi/lib/thumb/v7e-m+fp/hard\libc_nano.a(lib_a-init.o)
 .ARM.attributes
                0x00000000000004b7       0x34 c:/st/stm32cubeide_1.7.0/stm32cubeide/plugins/com.st.stm32cube.ide.mcu.externaltools.gnu-tools-for-stm32.9-2020-q2-update.win32_2.0.0.202105311346/tools/bin/../lib/gcc/arm-none-eabi/9.3.1/../../../../arm-none-eabi/lib/thumb/v7e-m+fp/hard\libc_nano.a(lib_a-memset.o)
 .ARM.attributes
                0x00000000000004eb       0x1e c:/st/stm32cubeide_1.7.0/stm32cubeide/plugins/com.st.stm32cube.ide.mcu.externaltools.gnu-tools-for-stm32.9-2020-q2-update.win32_2.0.0.202105311346/tools/bin/../lib/gcc/arm-none-eabi/9.3.1/thumb/v7e-m+fp/hard\libgcc.a(_aeabi_uldivmod.o)
 .ARM.attributes
                0x0000000000000509       0x34 c:/st/stm32cubeide_1.7.0/stm32cubeide/plugins/com.st.stm32cube.ide.mcu.externaltools.gnu-tools-for-stm32.9-2020-q2-update.win32_2.0.0.202105311346/tools/bin/../lib/gcc/arm-none-eabi/9.3.1/thumb/v7e-m+fp/hard\libgcc.a(_udivmoddi4.o)
 .ARM.attributes
                0x000000000000053d       0x1e c:/st/stm32cubeide_1.7.0/stm32cubeide/plugins/com.st.stm32cube.ide.mcu.externaltools.gnu-tools-for-stm32.9-2020-q2-update.win32_2.0.0.202105311346/tools/bin/../lib/gcc/arm-none-eabi/9.3.1/thumb/v7e-m+fp/hard\libgcc.a(_dvmd_tls.o)
 .ARM.attributes
                0x000000000000055b       0x1e c:/st/stm32cubeide_1.7.0/stm32cubeide/plugins/com.st.stm32cube.ide.mcu.externaltools.gnu-tools-for-stm32.9-2020-q2-update.win32_2.0.0.202105311346/tools/bin/../lib/gcc/arm-none-eabi/9.3.1/thumb/v7e-m+fp/hard/crtn.o
OUTPUT(Dyer_ECE2263FinalProject.elf elf32-littlearm)
LOAD linker stubs
LOAD c:/st/stm32cubeide_1.7.0/stm32cubeide/plugins/com.st.stm32cube.ide.mcu.externaltools.gnu-tools-for-stm32.9-2020-q2-update.win32_2.0.0.202105311346/tools/bin/../lib/gcc/arm-none-eabi/9.3.1/../../../../arm-none-eabi/lib/thumb/v7e-m+fp/hard\libc.a
LOAD c:/st/stm32cubeide_1.7.0/stm32cubeide/plugins/com.st.stm32cube.ide.mcu.externaltools.gnu-tools-for-stm32.9-2020-q2-update.win32_2.0.0.202105311346/tools/bin/../lib/gcc/arm-none-eabi/9.3.1/../../../../arm-none-eabi/lib/thumb/v7e-m+fp/hard\libm.a
LOAD c:/st/stm32cubeide_1.7.0/stm32cubeide/plugins/com.st.stm32cube.ide.mcu.externaltools.gnu-tools-for-stm32.9-2020-q2-update.win32_2.0.0.202105311346/tools/bin/../lib/gcc/arm-none-eabi/9.3.1/thumb/v7e-m+fp/hard\libgcc.a

.debug_info     0x0000000000000000    0x16bd6
 .debug_info    0x0000000000000000     0x1f08 ./Core/Src/main.o
 .debug_info    0x0000000000001f08      0xdac ./Core/Src/stm32f4xx_hal_msp.o
 .debug_info    0x0000000000002cb4      0x6f9 ./Core/Src/stm32f4xx_it.o
 .debug_info    0x00000000000033ad      0x5d0 ./Core/Src/system_stm32f4xx.o
 .debug_info    0x000000000000397d       0x22 ./Core/Startup/startup_stm32f411retx.o
 .debug_info    0x000000000000399f      0x944 ./Drivers/STM32F4xx_HAL_Driver/Src/stm32f4xx_hal.o
 .debug_info    0x00000000000042e3      0xe47 ./Drivers/STM32F4xx_HAL_Driver/Src/stm32f4xx_hal_cortex.o
 .debug_info    0x000000000000512a      0x862 ./Drivers/STM32F4xx_HAL_Driver/Src/stm32f4xx_hal_gpio.o
 .debug_info    0x000000000000598c     0x12d5 ./Drivers/STM32F4xx_HAL_Driver/Src/stm32f4xx_hal_pcd.o
 .debug_info    0x0000000000006c61      0x7c3 ./Drivers/STM32F4xx_HAL_Driver/Src/stm32f4xx_hal_pcd_ex.o
 .debug_info    0x0000000000007424      0x9be ./Drivers/STM32F4xx_HAL_Driver/Src/stm32f4xx_hal_rcc.o
 .debug_info    0x0000000000007de2     0x17b8 ./Drivers/STM32F4xx_HAL_Driver/Src/stm32f4xx_hal_spi.o
 .debug_info    0x000000000000959a     0x31d6 ./Drivers/STM32F4xx_HAL_Driver/Src/stm32f4xx_hal_uart.o
 .debug_info    0x000000000000c770     0x1ab4 ./Drivers/STM32F4xx_HAL_Driver/Src/stm32f4xx_ll_usb.o
 .debug_info    0x000000000000e224     0x12c6 ./Middlewares/ST/STM32_USB_Device_Library/Class/HID/Src/usbd_hid.o
 .debug_info    0x000000000000f4ea     0x13a7 ./Middlewares/ST/STM32_USB_Device_Library/Core/Src/usbd_core.o
 .debug_info    0x0000000000010891     0x1373 ./Middlewares/ST/STM32_USB_Device_Library/Core/Src/usbd_ctlreq.o
 .debug_info    0x0000000000011c04     0x1095 ./Middlewares/ST/STM32_USB_Device_Library/Core/Src/usbd_ioreq.o
 .debug_info    0x0000000000012c99      0xf16 ./USB_DEVICE/App/usb_device.o
 .debug_info    0x0000000000013baf      0xdfa ./USB_DEVICE/App/usbd_desc.o
 .debug_info    0x00000000000149a9     0x222d ./USB_DEVICE/Target/usbd_conf.o

.debug_abbrev   0x0000000000000000     0x3040
 .debug_abbrev  0x0000000000000000      0x2c8 ./Core/Src/main.o
 .debug_abbrev  0x00000000000002c8      0x1ac ./Core/Src/stm32f4xx_hal_msp.o
 .debug_abbrev  0x0000000000000474      0x184 ./Core/Src/stm32f4xx_it.o
 .debug_abbrev  0x00000000000005f8      0x145 ./Core/Src/system_stm32f4xx.o
 .debug_abbrev  0x000000000000073d       0x12 ./Core/Startup/startup_stm32f411retx.o
 .debug_abbrev  0x000000000000074f      0x21e ./Drivers/STM32F4xx_HAL_Driver/Src/stm32f4xx_hal.o
 .debug_abbrev  0x000000000000096d      0x33c ./Drivers/STM32F4xx_HAL_Driver/Src/stm32f4xx_hal_cortex.o
 .debug_abbrev  0x0000000000000ca9      0x1f1 ./Drivers/STM32F4xx_HAL_Driver/Src/stm32f4xx_hal_gpio.o
 .debug_abbrev  0x0000000000000e9a      0x2a0 ./Drivers/STM32F4xx_HAL_Driver/Src/stm32f4xx_hal_pcd.o
 .debug_abbrev  0x000000000000113a      0x1fb ./Drivers/STM32F4xx_HAL_Driver/Src/stm32f4xx_hal_pcd_ex.o
 .debug_abbrev  0x0000000000001335      0x275 ./Drivers/STM32F4xx_HAL_Driver/Src/stm32f4xx_hal_rcc.o
 .debug_abbrev  0x00000000000015aa      0x26e ./Drivers/STM32F4xx_HAL_Driver/Src/stm32f4xx_hal_spi.o
 .debug_abbrev  0x0000000000001818      0x2fc ./Drivers/STM32F4xx_HAL_Driver/Src/stm32f4xx_hal_uart.o
 .debug_abbrev  0x0000000000001b14      0x2a7 ./Drivers/STM32F4xx_HAL_Driver/Src/stm32f4xx_ll_usb.o
 .debug_abbrev  0x0000000000001dbb      0x2d7 ./Middlewares/ST/STM32_USB_Device_Library/Class/HID/Src/usbd_hid.o
 .debug_abbrev  0x0000000000002092      0x2b7 ./Middlewares/ST/STM32_USB_Device_Library/Core/Src/usbd_core.o
 .debug_abbrev  0x0000000000002349      0x2fc ./Middlewares/ST/STM32_USB_Device_Library/Core/Src/usbd_ctlreq.o
 .debug_abbrev  0x0000000000002645      0x22a ./Middlewares/ST/STM32_USB_Device_Library/Core/Src/usbd_ioreq.o
 .debug_abbrev  0x000000000000286f      0x1fb ./USB_DEVICE/App/usb_device.o
 .debug_abbrev  0x0000000000002a6a      0x2aa ./USB_DEVICE/App/usbd_desc.o
 .debug_abbrev  0x0000000000002d14      0x32c ./USB_DEVICE/Target/usbd_conf.o

.debug_aranges  0x0000000000000000      0xea8
 .debug_aranges
                0x0000000000000000       0x58 ./Core/Src/main.o
 .debug_aranges
                0x0000000000000058       0x40 ./Core/Src/stm32f4xx_hal_msp.o
 .debug_aranges
                0x0000000000000098       0x70 ./Core/Src/stm32f4xx_it.o
 .debug_aranges
                0x0000000000000108       0x28 ./Core/Src/system_stm32f4xx.o
 .debug_aranges
                0x0000000000000130       0x28 ./Core/Startup/startup_stm32f411retx.o
 .debug_aranges
                0x0000000000000158       0xf0 ./Drivers/STM32F4xx_HAL_Driver/Src/stm32f4xx_hal.o
 .debug_aranges
                0x0000000000000248      0x118 ./Drivers/STM32F4xx_HAL_Driver/Src/stm32f4xx_hal_cortex.o
 .debug_aranges
                0x0000000000000360       0x58 ./Drivers/STM32F4xx_HAL_Driver/Src/stm32f4xx_hal_gpio.o
 .debug_aranges
                0x00000000000003b8      0x138 ./Drivers/STM32F4xx_HAL_Driver/Src/stm32f4xx_hal_pcd.o
 .debug_aranges
                0x00000000000004f0       0x38 ./Drivers/STM32F4xx_HAL_Driver/Src/stm32f4xx_hal_pcd_ex.o
 .debug_aranges
                0x0000000000000528       0x88 ./Drivers/STM32F4xx_HAL_Driver/Src/stm32f4xx_hal_rcc.o
 .debug_aranges
                0x00000000000005b0      0x1d0 ./Drivers/STM32F4xx_HAL_Driver/Src/stm32f4xx_hal_spi.o
 .debug_aranges
                0x0000000000000780      0x200 ./Drivers/STM32F4xx_HAL_Driver/Src/stm32f4xx_hal_uart.o
 .debug_aranges
                0x0000000000000980      0x198 ./Drivers/STM32F4xx_HAL_Driver/Src/stm32f4xx_ll_usb.o
 .debug_aranges
                0x0000000000000b18       0x68 ./Middlewares/ST/STM32_USB_Device_Library/Class/HID/Src/usbd_hid.o
 .debug_aranges
                0x0000000000000b80       0xb8 ./Middlewares/ST/STM32_USB_Device_Library/Core/Src/usbd_core.o
 .debug_aranges
                0x0000000000000c38       0x90 ./Middlewares/ST/STM32_USB_Device_Library/Core/Src/usbd_ctlreq.o
 .debug_aranges
                0x0000000000000cc8       0x50 ./Middlewares/ST/STM32_USB_Device_Library/Core/Src/usbd_ioreq.o
 .debug_aranges
                0x0000000000000d18       0x20 ./USB_DEVICE/App/usb_device.o
 .debug_aranges
                0x0000000000000d38       0x60 ./USB_DEVICE/App/usbd_desc.o
 .debug_aranges
                0x0000000000000d98      0x110 ./USB_DEVICE/Target/usbd_conf.o

.debug_ranges   0x0000000000000000      0xd90
 .debug_ranges  0x0000000000000000       0x48 ./Core/Src/main.o
 .debug_ranges  0x0000000000000048       0x30 ./Core/Src/stm32f4xx_hal_msp.o
 .debug_ranges  0x0000000000000078       0x60 ./Core/Src/stm32f4xx_it.o
 .debug_ranges  0x00000000000000d8       0x18 ./Core/Src/system_stm32f4xx.o
 .debug_ranges  0x00000000000000f0       0x20 ./Core/Startup/startup_stm32f411retx.o
 .debug_ranges  0x0000000000000110       0xe0 ./Drivers/STM32F4xx_HAL_Driver/Src/stm32f4xx_hal.o
 .debug_ranges  0x00000000000001f0      0x108 ./Drivers/STM32F4xx_HAL_Driver/Src/stm32f4xx_hal_cortex.o
 .debug_ranges  0x00000000000002f8       0x48 ./Drivers/STM32F4xx_HAL_Driver/Src/stm32f4xx_hal_gpio.o
 .debug_ranges  0x0000000000000340      0x128 ./Drivers/STM32F4xx_HAL_Driver/Src/stm32f4xx_hal_pcd.o
 .debug_ranges  0x0000000000000468       0x28 ./Drivers/STM32F4xx_HAL_Driver/Src/stm32f4xx_hal_pcd_ex.o
 .debug_ranges  0x0000000000000490       0x78 ./Drivers/STM32F4xx_HAL_Driver/Src/stm32f4xx_hal_rcc.o
 .debug_ranges  0x0000000000000508      0x1c0 ./Drivers/STM32F4xx_HAL_Driver/Src/stm32f4xx_hal_spi.o
 .debug_ranges  0x00000000000006c8      0x220 ./Drivers/STM32F4xx_HAL_Driver/Src/stm32f4xx_hal_uart.o
 .debug_ranges  0x00000000000008e8      0x188 ./Drivers/STM32F4xx_HAL_Driver/Src/stm32f4xx_ll_usb.o
 .debug_ranges  0x0000000000000a70       0x58 ./Middlewares/ST/STM32_USB_Device_Library/Class/HID/Src/usbd_hid.o
 .debug_ranges  0x0000000000000ac8       0xa8 ./Middlewares/ST/STM32_USB_Device_Library/Core/Src/usbd_core.o
 .debug_ranges  0x0000000000000b70       0x80 ./Middlewares/ST/STM32_USB_Device_Library/Core/Src/usbd_ctlreq.o
 .debug_ranges  0x0000000000000bf0       0x40 ./Middlewares/ST/STM32_USB_Device_Library/Core/Src/usbd_ioreq.o
 .debug_ranges  0x0000000000000c30       0x10 ./USB_DEVICE/App/usb_device.o
 .debug_ranges  0x0000000000000c40       0x50 ./USB_DEVICE/App/usbd_desc.o
 .debug_ranges  0x0000000000000c90      0x100 ./USB_DEVICE/Target/usbd_conf.o

.debug_macro    0x0000000000000000    0x18849
 .debug_macro   0x0000000000000000      0x429 ./Core/Src/main.o
 .debug_macro   0x0000000000000429      0xaa8 ./Core/Src/main.o
 .debug_macro   0x0000000000000ed1      0x2a1 ./Core/Src/main.o
 .debug_macro   0x0000000000001172       0x2e ./Core/Src/main.o
 .debug_macro   0x00000000000011a0       0x28 ./Core/Src/main.o
 .debug_macro   0x00000000000011c8       0x22 ./Core/Src/main.o
 .debug_macro   0x00000000000011ea       0x8e ./Core/Src/main.o
 .debug_macro   0x0000000000001278       0x51 ./Core/Src/main.o
 .debug_macro   0x00000000000012c9      0x103 ./Core/Src/main.o
 .debug_macro   0x00000000000013cc       0x6a ./Core/Src/main.o
 .debug_macro   0x0000000000001436      0x1df ./Core/Src/main.o
 .debug_macro   0x0000000000001615       0x1c ./Core/Src/main.o
 .debug_macro   0x0000000000001631       0x22 ./Core/Src/main.o
 .debug_macro   0x0000000000001653       0xdf ./Core/Src/main.o
 .debug_macro   0x0000000000001732     0x102d ./Core/Src/main.o
 .debug_macro   0x000000000000275f      0x11f ./Core/Src/main.o
 .debug_macro   0x000000000000287e     0xb953 ./Core/Src/main.o
 .debug_macro   0x000000000000e1d1       0x6d ./Core/Src/main.o
 .debug_macro   0x000000000000e23e     0x3666 ./Core/Src/main.o
 .debug_macro   0x00000000000118a4      0x174 ./Core/Src/main.o
 .debug_macro   0x0000000000011a18       0x5c ./Core/Src/main.o
 .debug_macro   0x0000000000011a74      0x447 ./Core/Src/main.o
 .debug_macro   0x0000000000011ebb      0x9fe ./Core/Src/main.o
 .debug_macro   0x00000000000128b9      0x116 ./Core/Src/main.o
 .debug_macro   0x00000000000129cf      0x11b ./Core/Src/main.o
 .debug_macro   0x0000000000012aea       0xa5 ./Core/Src/main.o
 .debug_macro   0x0000000000012b8f      0x15f ./Core/Src/main.o
 .debug_macro   0x0000000000012cee      0x287 ./Core/Src/main.o
 .debug_macro   0x0000000000012f75       0x5f ./Core/Src/main.o
 .debug_macro   0x0000000000012fd4      0x236 ./Core/Src/main.o
 .debug_macro   0x000000000001320a      0x132 ./Core/Src/main.o
 .debug_macro   0x000000000001333c      0x264 ./Core/Src/main.o
 .debug_macro   0x00000000000135a0       0x2e ./Core/Src/main.o
 .debug_macro   0x00000000000135ce      0x11a ./Core/Src/main.o
 .debug_macro   0x00000000000136e8       0x85 ./Core/Src/main.o
 .debug_macro   0x000000000001376d       0x89 ./Core/Src/main.o
 .debug_macro   0x00000000000137f6      0x225 ./Core/Src/main.o
 .debug_macro   0x0000000000013a1b      0x295 ./Core/Src/main.o
 .debug_macro   0x0000000000013cb0      0x21e ./Core/Src/main.o
 .debug_macro   0x0000000000013ece       0xba ./Core/Src/main.o
 .debug_macro   0x0000000000013f88      0x126 ./Core/Src/main.o
 .debug_macro   0x00000000000140ae       0x5e ./Core/Src/main.o
 .debug_macro   0x000000000001410c       0x52 ./Core/Src/main.o
 .debug_macro   0x000000000001415e       0x18 ./Core/Src/main.o
 .debug_macro   0x0000000000014176       0x3c ./Core/Src/main.o
 .debug_macro   0x00000000000141b2       0x34 ./Core/Src/main.o
 .debug_macro   0x00000000000141e6       0x16 ./Core/Src/main.o
 .debug_macro   0x00000000000141fc       0x35 ./Core/Src/main.o
 .debug_macro   0x0000000000014231      0x333 ./Core/Src/main.o
 .debug_macro   0x0000000000014564       0x10 ./Core/Src/main.o
 .debug_macro   0x0000000000014574       0x16 ./Core/Src/main.o
 .debug_macro   0x000000000001458a       0x43 ./Core/Src/main.o
 .debug_macro   0x00000000000145cd       0x34 ./Core/Src/main.o
 .debug_macro   0x0000000000014601       0x10 ./Core/Src/main.o
 .debug_macro   0x0000000000014611       0x58 ./Core/Src/main.o
 .debug_macro   0x0000000000014669       0x71 ./Core/Src/main.o
 .debug_macro   0x00000000000146da       0x1c ./Core/Src/main.o
 .debug_macro   0x00000000000146f6      0x12a ./Core/Src/main.o
 .debug_macro   0x0000000000014820       0x10 ./Core/Src/main.o
 .debug_macro   0x0000000000014830       0x1c ./Core/Src/main.o
 .debug_macro   0x000000000001484c       0x52 ./Core/Src/main.o
 .debug_macro   0x000000000001489e       0x22 ./Core/Src/main.o
 .debug_macro   0x00000000000148c0       0x10 ./Core/Src/main.o
 .debug_macro   0x00000000000148d0       0x40 ./Core/Src/main.o
 .debug_macro   0x0000000000014910       0xd5 ./Core/Src/main.o
 .debug_macro   0x00000000000149e5       0x1c ./Core/Src/main.o
 .debug_macro   0x0000000000014a01       0x3d ./Core/Src/main.o
 .debug_macro   0x0000000000014a3e       0x16 ./Core/Src/main.o
 .debug_macro   0x0000000000014a54      0x145 ./Core/Src/main.o
 .debug_macro   0x0000000000014b99       0x16 ./Core/Src/main.o
 .debug_macro   0x0000000000014baf       0x16 ./Core/Src/main.o
 .debug_macro   0x0000000000014bc5       0x29 ./Core/Src/main.o
 .debug_macro   0x0000000000014bee       0x16 ./Core/Src/main.o
 .debug_macro   0x0000000000014c04       0x20 ./Core/Src/main.o
 .debug_macro   0x0000000000014c24       0x6b ./Core/Src/main.o
 .debug_macro   0x0000000000014c8f      0x1ef ./Core/Src/main.o
 .debug_macro   0x0000000000014e7e       0x5e ./Core/Src/main.o
 .debug_macro   0x0000000000014edc      0x1f7 ./Core/Src/stm32f4xx_hal_msp.o
 .debug_macro   0x00000000000150d3      0x201 ./Core/Src/stm32f4xx_it.o
 .debug_macro   0x00000000000152d4      0x1e8 ./Core/Src/system_stm32f4xx.o
 .debug_macro   0x00000000000154bc      0x248 ./Drivers/STM32F4xx_HAL_Driver/Src/stm32f4xx_hal.o
 .debug_macro   0x0000000000015704      0x1e8 ./Drivers/STM32F4xx_HAL_Driver/Src/stm32f4xx_hal_cortex.o
 .debug_macro   0x00000000000158ec      0x1ee ./Drivers/STM32F4xx_HAL_Driver/Src/stm32f4xx_hal_gpio.o
 .debug_macro   0x0000000000015ada      0x1f4 ./Drivers/STM32F4xx_HAL_Driver/Src/stm32f4xx_hal_pcd.o
 .debug_macro   0x0000000000015cce      0x1e8 ./Drivers/STM32F4xx_HAL_Driver/Src/stm32f4xx_hal_pcd_ex.o
 .debug_macro   0x0000000000015eb6      0x20c ./Drivers/STM32F4xx_HAL_Driver/Src/stm32f4xx_hal_rcc.o
 .debug_macro   0x00000000000160c2      0x1f7 ./Drivers/STM32F4xx_HAL_Driver/Src/stm32f4xx_hal_spi.o
 .debug_macro   0x00000000000162b9      0x1e9 ./Drivers/STM32F4xx_HAL_Driver/Src/stm32f4xx_hal_uart.o
 .debug_macro   0x00000000000164a2      0x1e8 ./Drivers/STM32F4xx_HAL_Driver/Src/stm32f4xx_ll_usb.o
 .debug_macro   0x000000000001668a      0x40d ./Middlewares/ST/STM32_USB_Device_Library/Class/HID/Src/usbd_hid.o
 .debug_macro   0x0000000000016a97       0x97 ./Middlewares/ST/STM32_USB_Device_Library/Class/HID/Src/usbd_hid.o
 .debug_macro   0x0000000000016b2e       0xfd ./Middlewares/ST/STM32_USB_Device_Library/Class/HID/Src/usbd_hid.o
 .debug_macro   0x0000000000016c2b       0xd9 ./Middlewares/ST/STM32_USB_Device_Library/Class/HID/Src/usbd_hid.o
 .debug_macro   0x0000000000016d04       0x56 ./Middlewares/ST/STM32_USB_Device_Library/Class/HID/Src/usbd_hid.o
 .debug_macro   0x0000000000016d5a      0x3f4 ./Middlewares/ST/STM32_USB_Device_Library/Core/Src/usbd_core.o
 .debug_macro   0x000000000001714e      0x1f5 ./Middlewares/ST/STM32_USB_Device_Library/Core/Src/usbd_core.o
 .debug_macro   0x0000000000017343      0x3fe ./Middlewares/ST/STM32_USB_Device_Library/Core/Src/usbd_ctlreq.o
 .debug_macro   0x0000000000017741      0x3fa ./Middlewares/ST/STM32_USB_Device_Library/Core/Src/usbd_ioreq.o
 .debug_macro   0x0000000000017b3b      0x424 ./USB_DEVICE/App/usb_device.o
 .debug_macro   0x0000000000017f5f       0x64 ./USB_DEVICE/App/usb_device.o
 .debug_macro   0x0000000000017fc3       0x22 ./USB_DEVICE/App/usb_device.o
 .debug_macro   0x0000000000017fe5      0x437 ./USB_DEVICE/App/usbd_desc.o
 .debug_macro   0x000000000001841c       0x1c ./USB_DEVICE/App/usbd_desc.o
 .debug_macro   0x0000000000018438      0x411 ./USB_DEVICE/Target/usbd_conf.o

.debug_line     0x0000000000000000    0x127a8
 .debug_line    0x0000000000000000      0xc6e ./Core/Src/main.o
 .debug_line    0x0000000000000c6e      0x7e5 ./Core/Src/stm32f4xx_hal_msp.o
 .debug_line    0x0000000000001453      0x7e9 ./Core/Src/stm32f4xx_it.o
 .debug_line    0x0000000000001c3c      0x775 ./Core/Src/system_stm32f4xx.o
 .debug_line    0x00000000000023b1       0x88 ./Core/Startup/startup_stm32f411retx.o
 .debug_line    0x0000000000002439      0x9db ./Drivers/STM32F4xx_HAL_Driver/Src/stm32f4xx_hal.o
 .debug_line    0x0000000000002e14      0xc8a ./Drivers/STM32F4xx_HAL_Driver/Src/stm32f4xx_hal_cortex.o
 .debug_line    0x0000000000003a9e      0xb15 ./Drivers/STM32F4xx_HAL_Driver/Src/stm32f4xx_hal_gpio.o
 .debug_line    0x00000000000045b3     0x1328 ./Drivers/STM32F4xx_HAL_Driver/Src/stm32f4xx_hal_pcd.o
 .debug_line    0x00000000000058db      0x7be ./Drivers/STM32F4xx_HAL_Driver/Src/stm32f4xx_hal_pcd_ex.o
 .debug_line    0x0000000000006099      0xd57 ./Drivers/STM32F4xx_HAL_Driver/Src/stm32f4xx_hal_rcc.o
 .debug_line    0x0000000000006df0     0x1c63 ./Drivers/STM32F4xx_HAL_Driver/Src/stm32f4xx_hal_spi.o
 .debug_line    0x0000000000008a53     0x2a62 ./Drivers/STM32F4xx_HAL_Driver/Src/stm32f4xx_hal_uart.o
 .debug_line    0x000000000000b4b5     0x196a ./Drivers/STM32F4xx_HAL_Driver/Src/stm32f4xx_ll_usb.o
 .debug_line    0x000000000000ce1f      0xc56 ./Middlewares/ST/STM32_USB_Device_Library/Class/HID/Src/usbd_hid.o
 .debug_line    0x000000000000da75      0xe44 ./Middlewares/ST/STM32_USB_Device_Library/Core/Src/usbd_core.o
 .debug_line    0x000000000000e8b9     0x10c4 ./Middlewares/ST/STM32_USB_Device_Library/Core/Src/usbd_ctlreq.o
 .debug_line    0x000000000000f97d      0xa9b ./Middlewares/ST/STM32_USB_Device_Library/Core/Src/usbd_ioreq.o
 .debug_line    0x0000000000010418      0xa3d ./USB_DEVICE/App/usb_device.o
 .debug_line    0x0000000000010e55      0xb20 ./USB_DEVICE/App/usbd_desc.o
 .debug_line    0x0000000000011975      0xe33 ./USB_DEVICE/Target/usbd_conf.o

.debug_str      0x0000000000000000    0x8b277
 .debug_str     0x0000000000000000    0x87cff ./Core/Src/main.o
                                      0x8815f (size before relaxing)
 .debug_str     0x0000000000087cff       0x7d ./Core/Src/stm32f4xx_hal_msp.o
                                      0x82a06 (size before relaxing)
 .debug_str     0x0000000000087d7c      0x401 ./Core/Src/stm32f4xx_it.o
                                      0x826e0 (size before relaxing)
 .debug_str     0x000000000008817d       0xaf ./Core/Src/system_stm32f4xx.o
                                      0x822be (size before relaxing)
 .debug_str     0x000000000008822c       0x36 ./Core/Startup/startup_stm32f411retx.o
                                         0x81 (size before relaxing)
 .debug_str     0x0000000000088262      0x579 ./Drivers/STM32F4xx_HAL_Driver/Src/stm32f4xx_hal.o
                                      0x82c48 (size before relaxing)
 .debug_str     0x00000000000887db      0x399 ./Drivers/STM32F4xx_HAL_Driver/Src/stm32f4xx_hal_cortex.o
                                      0x82a25 (size before relaxing)
 .debug_str     0x0000000000088b74      0x15f ./Drivers/STM32F4xx_HAL_Driver/Src/stm32f4xx_hal_gpio.o
                                      0x82465 (size before relaxing)
 .debug_str     0x0000000000088cd3      0x564 ./Drivers/STM32F4xx_HAL_Driver/Src/stm32f4xx_hal_pcd.o
                                      0x82a96 (size before relaxing)
 .debug_str     0x0000000000089237      0x13f ./Drivers/STM32F4xx_HAL_Driver/Src/stm32f4xx_hal_pcd_ex.o
                                      0x82661 (size before relaxing)
 .debug_str     0x0000000000089376      0x259 ./Drivers/STM32F4xx_HAL_Driver/Src/stm32f4xx_hal_rcc.o
                                      0x826c0 (size before relaxing)
 .debug_str     0x00000000000895cf      0x579 ./Drivers/STM32F4xx_HAL_Driver/Src/stm32f4xx_hal_spi.o
                                      0x82b50 (size before relaxing)
 .debug_str     0x0000000000089b48      0x5f6 ./Drivers/STM32F4xx_HAL_Driver/Src/stm32f4xx_hal_uart.o
                                      0x82c34 (size before relaxing)
 .debug_str     0x000000000008a13e      0x697 ./Drivers/STM32F4xx_HAL_Driver/Src/stm32f4xx_ll_usb.o
                                      0x82bcd (size before relaxing)
 .debug_str     0x000000000008a7d5      0x27a ./Middlewares/ST/STM32_USB_Device_Library/Class/HID/Src/usbd_hid.o
                                      0x8765c (size before relaxing)
 .debug_str     0x000000000008aa4f      0x1a2 ./Middlewares/ST/STM32_USB_Device_Library/Core/Src/usbd_core.o
                                      0x87465 (size before relaxing)
 .debug_str     0x000000000008abf1      0x14d ./Middlewares/ST/STM32_USB_Device_Library/Core/Src/usbd_ctlreq.o
                                      0x87423 (size before relaxing)
 .debug_str     0x000000000008ad3e       0xc9 ./Middlewares/ST/STM32_USB_Device_Library/Core/Src/usbd_ioreq.o
                                      0x87373 (size before relaxing)
 .debug_str     0x000000000008ae07       0xb5 ./USB_DEVICE/App/usb_device.o
                                      0x874df (size before relaxing)
 .debug_str     0x000000000008aebc      0x267 ./USB_DEVICE/App/usbd_desc.o
                                      0x872be (size before relaxing)
 .debug_str     0x000000000008b123      0x154 ./USB_DEVICE/Target/usbd_conf.o
                                      0x8803f (size before relaxing)

.comment        0x0000000000000000       0x53
 .comment       0x0000000000000000       0x53 ./Core/Src/main.o
                                         0x54 (size before relaxing)
 .comment       0x0000000000000053       0x54 ./Core/Src/stm32f4xx_hal_msp.o
 .comment       0x0000000000000053       0x54 ./Core/Src/stm32f4xx_it.o
 .comment       0x0000000000000053       0x54 ./Core/Src/system_stm32f4xx.o
 .comment       0x0000000000000053       0x54 ./Drivers/STM32F4xx_HAL_Driver/Src/stm32f4xx_hal.o
 .comment       0x0000000000000053       0x54 ./Drivers/STM32F4xx_HAL_Driver/Src/stm32f4xx_hal_cortex.o
 .comment       0x0000000000000053       0x54 ./Drivers/STM32F4xx_HAL_Driver/Src/stm32f4xx_hal_gpio.o
 .comment       0x0000000000000053       0x54 ./Drivers/STM32F4xx_HAL_Driver/Src/stm32f4xx_hal_pcd.o
 .comment       0x0000000000000053       0x54 ./Drivers/STM32F4xx_HAL_Driver/Src/stm32f4xx_hal_pcd_ex.o
 .comment       0x0000000000000053       0x54 ./Drivers/STM32F4xx_HAL_Driver/Src/stm32f4xx_hal_rcc.o
 .comment       0x0000000000000053       0x54 ./Drivers/STM32F4xx_HAL_Driver/Src/stm32f4xx_hal_spi.o
 .comment       0x0000000000000053       0x54 ./Drivers/STM32F4xx_HAL_Driver/Src/stm32f4xx_hal_uart.o
 .comment       0x0000000000000053       0x54 ./Drivers/STM32F4xx_HAL_Driver/Src/stm32f4xx_ll_usb.o
 .comment       0x0000000000000053       0x54 ./Middlewares/ST/STM32_USB_Device_Library/Class/HID/Src/usbd_hid.o
 .comment       0x0000000000000053       0x54 ./Middlewares/ST/STM32_USB_Device_Library/Core/Src/usbd_core.o
 .comment       0x0000000000000053       0x54 ./Middlewares/ST/STM32_USB_Device_Library/Core/Src/usbd_ctlreq.o
 .comment       0x0000000000000053       0x54 ./Middlewares/ST/STM32_USB_Device_Library/Core/Src/usbd_ioreq.o
 .comment       0x0000000000000053       0x54 ./USB_DEVICE/App/usb_device.o
 .comment       0x0000000000000053       0x54 ./USB_DEVICE/App/usbd_desc.o
 .comment       0x0000000000000053       0x54 ./USB_DEVICE/Target/usbd_conf.o

.debug_frame    0x0000000000000000     0x3c30
 .debug_frame   0x0000000000000000      0x104 ./Core/Src/main.o
 .debug_frame   0x0000000000000104       0xc4 ./Core/Src/stm32f4xx_hal_msp.o
 .debug_frame   0x00000000000001c8      0x13c ./Core/Src/stm32f4xx_it.o
 .debug_frame   0x0000000000000304       0x58 ./Core/Src/system_stm32f4xx.o
 .debug_frame   0x000000000000035c      0x374 ./Drivers/STM32F4xx_HAL_Driver/Src/stm32f4xx_hal.o
 .debug_frame   0x00000000000006d0      0x498 ./Drivers/STM32F4xx_HAL_Driver/Src/stm32f4xx_hal_cortex.o
 .debug_frame   0x0000000000000b68      0x14c ./Drivers/STM32F4xx_HAL_Driver/Src/stm32f4xx_hal_gpio.o
 .debug_frame   0x0000000000000cb4      0x574 ./Drivers/STM32F4xx_HAL_Driver/Src/stm32f4xx_hal_pcd.o
 .debug_frame   0x0000000000001228       0xb0 ./Drivers/STM32F4xx_HAL_Driver/Src/stm32f4xx_hal_pcd_ex.o
 .debug_frame   0x00000000000012d8      0x1f0 ./Drivers/STM32F4xx_HAL_Driver/Src/stm32f4xx_hal_rcc.o
 .debug_frame   0x00000000000014c8      0x824 ./Drivers/STM32F4xx_HAL_Driver/Src/stm32f4xx_hal_spi.o
 .debug_frame   0x0000000000001cec      0x92c ./Drivers/STM32F4xx_HAL_Driver/Src/stm32f4xx_hal_uart.o
 .debug_frame   0x0000000000002618      0x798 ./Drivers/STM32F4xx_HAL_Driver/Src/stm32f4xx_ll_usb.o
 .debug_frame   0x0000000000002db0      0x190 ./Middlewares/ST/STM32_USB_Device_Library/Class/HID/Src/usbd_hid.o
 .debug_frame   0x0000000000002f40      0x2f4 ./Middlewares/ST/STM32_USB_Device_Library/Core/Src/usbd_core.o
 .debug_frame   0x0000000000003234      0x23c ./Middlewares/ST/STM32_USB_Device_Library/Core/Src/usbd_ctlreq.o
 .debug_frame   0x0000000000003470      0x10c ./Middlewares/ST/STM32_USB_Device_Library/Core/Src/usbd_ioreq.o
 .debug_frame   0x000000000000357c       0x2c ./USB_DEVICE/App/usb_device.o
 .debug_frame   0x00000000000035a8      0x160 ./USB_DEVICE/App/usbd_desc.o
 .debug_frame   0x0000000000003708      0x47c ./USB_DEVICE/Target/usbd_conf.o
 .debug_frame   0x0000000000003b84       0x2c c:/st/stm32cubeide_1.7.0/stm32cubeide/plugins/com.st.stm32cube.ide.mcu.externaltools.gnu-tools-for-stm32.9-2020-q2-update.win32_2.0.0.202105311346/tools/bin/../lib/gcc/arm-none-eabi/9.3.1/../../../../arm-none-eabi/lib/thumb/v7e-m+fp/hard\libc_nano.a(lib_a-init.o)
 .debug_frame   0x0000000000003bb0       0x20 c:/st/stm32cubeide_1.7.0/stm32cubeide/plugins/com.st.stm32cube.ide.mcu.externaltools.gnu-tools-for-stm32.9-2020-q2-update.win32_2.0.0.202105311346/tools/bin/../lib/gcc/arm-none-eabi/9.3.1/../../../../arm-none-eabi/lib/thumb/v7e-m+fp/hard\libc_nano.a(lib_a-memset.o)
 .debug_frame   0x0000000000003bd0       0x2c c:/st/stm32cubeide_1.7.0/stm32cubeide/plugins/com.st.stm32cube.ide.mcu.externaltools.gnu-tools-for-stm32.9-2020-q2-update.win32_2.0.0.202105311346/tools/bin/../lib/gcc/arm-none-eabi/9.3.1/thumb/v7e-m+fp/hard\libgcc.a(_aeabi_uldivmod.o)
 .debug_frame   0x0000000000003bfc       0x34 c:/st/stm32cubeide_1.7.0/stm32cubeide/plugins/com.st.stm32cube.ide.mcu.externaltools.gnu-tools-for-stm32.9-2020-q2-update.win32_2.0.0.202105311346/tools/bin/../lib/gcc/arm-none-eabi/9.3.1/thumb/v7e-m+fp/hard\libgcc.a(_udivmoddi4.o)
